Archive member included to satisfy reference by file (symbol)

/Users/fabiomonteiro/dev/SystemWorkbench/SystemWorkbench.app/Contents/Eclipse/plugins/fr.ac6.mcu.externaltools.arm-none.macos64_1.13.0.201701121612/tools/compiler/bin/../lib/gcc/arm-none-eabi/5.4.1/../../../../arm-none-eabi/lib/armv7e-m/fpu/libc_nano.a(lib_a-exit.o)
                              /Users/fabiomonteiro/dev/SystemWorkbench/SystemWorkbench.app/Contents/Eclipse/plugins/fr.ac6.mcu.externaltools.arm-none.macos64_1.13.0.201701121612/tools/compiler/bin/../lib/gcc/arm-none-eabi/5.4.1/../../../../arm-none-eabi/lib/armv7e-m/fpu/crt0.o (exit)
/Users/fabiomonteiro/dev/SystemWorkbench/SystemWorkbench.app/Contents/Eclipse/plugins/fr.ac6.mcu.externaltools.arm-none.macos64_1.13.0.201701121612/tools/compiler/bin/../lib/gcc/arm-none-eabi/5.4.1/../../../../arm-none-eabi/lib/armv7e-m/fpu/libc_nano.a(lib_a-impure.o)
                              /Users/fabiomonteiro/dev/SystemWorkbench/SystemWorkbench.app/Contents/Eclipse/plugins/fr.ac6.mcu.externaltools.arm-none.macos64_1.13.0.201701121612/tools/compiler/bin/../lib/gcc/arm-none-eabi/5.4.1/../../../../arm-none-eabi/lib/armv7e-m/fpu/libc_nano.a(lib_a-exit.o) (_global_impure_ptr)
/Users/fabiomonteiro/dev/SystemWorkbench/SystemWorkbench.app/Contents/Eclipse/plugins/fr.ac6.mcu.externaltools.arm-none.macos64_1.13.0.201701121612/tools/compiler/bin/../lib/gcc/arm-none-eabi/5.4.1/../../../../arm-none-eabi/lib/armv7e-m/fpu/libc_nano.a(lib_a-init.o)
                              /Users/fabiomonteiro/dev/SystemWorkbench/SystemWorkbench.app/Contents/Eclipse/plugins/fr.ac6.mcu.externaltools.arm-none.macos64_1.13.0.201701121612/tools/compiler/bin/../lib/gcc/arm-none-eabi/5.4.1/../../../../arm-none-eabi/lib/armv7e-m/fpu/crt0.o (__libc_init_array)
/Users/fabiomonteiro/dev/SystemWorkbench/SystemWorkbench.app/Contents/Eclipse/plugins/fr.ac6.mcu.externaltools.arm-none.macos64_1.13.0.201701121612/tools/compiler/bin/../lib/gcc/arm-none-eabi/5.4.1/../../../../arm-none-eabi/lib/armv7e-m/fpu/libc_nano.a(lib_a-memset.o)
                              /Users/fabiomonteiro/dev/SystemWorkbench/SystemWorkbench.app/Contents/Eclipse/plugins/fr.ac6.mcu.externaltools.arm-none.macos64_1.13.0.201701121612/tools/compiler/bin/../lib/gcc/arm-none-eabi/5.4.1/../../../../arm-none-eabi/lib/armv7e-m/fpu/crt0.o (memset)
/Users/fabiomonteiro/dev/SystemWorkbench/SystemWorkbench.app/Contents/Eclipse/plugins/fr.ac6.mcu.externaltools.arm-none.macos64_1.13.0.201701121612/tools/compiler/bin/../lib/gcc/arm-none-eabi/5.4.1/../../../../arm-none-eabi/lib/armv7e-m/fpu/libnosys.a(_exit.o)
                              /Users/fabiomonteiro/dev/SystemWorkbench/SystemWorkbench.app/Contents/Eclipse/plugins/fr.ac6.mcu.externaltools.arm-none.macos64_1.13.0.201701121612/tools/compiler/bin/../lib/gcc/arm-none-eabi/5.4.1/../../../../arm-none-eabi/lib/armv7e-m/fpu/libc_nano.a(lib_a-exit.o) (_exit)

Allocating common symbols
Common symbol       size              file

hi2c1               0x4c              Application/User/i2c.o
uwTick              0x4               Drivers/STM32L4xx_HAL_Driver/stm32l4xx_hal.o
pFlash              0x20              Drivers/STM32L4xx_HAL_Driver/stm32l4xx_hal_flash.o
val                 0x1               Application/User/main.o

Discarded input sections

 .text          0x0000000000000000        0x0 /Users/fabiomonteiro/dev/SystemWorkbench/SystemWorkbench.app/Contents/Eclipse/plugins/fr.ac6.mcu.externaltools.arm-none.macos64_1.13.0.201701121612/tools/compiler/bin/../lib/gcc/arm-none-eabi/5.4.1/armv7e-m/fpu/crti.o
 .data          0x0000000000000000        0x0 /Users/fabiomonteiro/dev/SystemWorkbench/SystemWorkbench.app/Contents/Eclipse/plugins/fr.ac6.mcu.externaltools.arm-none.macos64_1.13.0.201701121612/tools/compiler/bin/../lib/gcc/arm-none-eabi/5.4.1/armv7e-m/fpu/crti.o
 .bss           0x0000000000000000        0x0 /Users/fabiomonteiro/dev/SystemWorkbench/SystemWorkbench.app/Contents/Eclipse/plugins/fr.ac6.mcu.externaltools.arm-none.macos64_1.13.0.201701121612/tools/compiler/bin/../lib/gcc/arm-none-eabi/5.4.1/armv7e-m/fpu/crti.o
 .data          0x0000000000000000        0x4 /Users/fabiomonteiro/dev/SystemWorkbench/SystemWorkbench.app/Contents/Eclipse/plugins/fr.ac6.mcu.externaltools.arm-none.macos64_1.13.0.201701121612/tools/compiler/bin/../lib/gcc/arm-none-eabi/5.4.1/armv7e-m/fpu/crtbegin.o
 .text          0x0000000000000000       0x74 /Users/fabiomonteiro/dev/SystemWorkbench/SystemWorkbench.app/Contents/Eclipse/plugins/fr.ac6.mcu.externaltools.arm-none.macos64_1.13.0.201701121612/tools/compiler/bin/../lib/gcc/arm-none-eabi/5.4.1/../../../../arm-none-eabi/lib/armv7e-m/fpu/crt0.o
 .data          0x0000000000000000        0x0 /Users/fabiomonteiro/dev/SystemWorkbench/SystemWorkbench.app/Contents/Eclipse/plugins/fr.ac6.mcu.externaltools.arm-none.macos64_1.13.0.201701121612/tools/compiler/bin/../lib/gcc/arm-none-eabi/5.4.1/../../../../arm-none-eabi/lib/armv7e-m/fpu/crt0.o
[...]
Memory Configuration

Name             Origin             Length             Attributes
RAM              0x0000000020000000 0x0000000000018000 xrw
RAM2             0x0000000010000000 0x0000000000008000 xrw
FLASH            0x0000000008000000 0x0000000000100000 xr
*default*        0x0000000000000000 0xffffffffffffffff

Linker script and memory map

LOAD /Users/fabiomonteiro/dev/SystemWorkbench/SystemWorkbench.app/Contents/Eclipse/plugins/fr.ac6.mcu.externaltools.arm-none.macos64_1.13.0.201701121612/tools/compiler/bin/../lib/gcc/arm-none-eabi/5.4.1/armv7e-m/fpu/crti.o
LOAD /Users/fabiomonteiro/dev/SystemWorkbench/SystemWorkbench.app/Contents/Eclipse/plugins/fr.ac6.mcu.externaltools.arm-none.macos64_1.13.0.201701121612/tools/compiler/bin/../lib/gcc/arm-none-eabi/5.4.1/armv7e-m/fpu/crtbegin.o
LOAD /Users/fabiomonteiro/dev/SystemWorkbench/SystemWorkbench.app/Contents/Eclipse/plugins/fr.ac6.mcu.externaltools.arm-none.macos64_1.13.0.201701121612/tools/compiler/bin/../lib/gcc/arm-none-eabi/5.4.1/../../../../arm-none-eabi/lib/armv7e-m/fpu/crt0.o
LOAD /Users/fabiomonteiro/dev/SystemWorkbench/SystemWorkbench.app/Contents/Eclipse/plugins/fr.ac6.mcu.externaltools.arm-none.macos64_1.13.0.201701121612/tools/compiler/bin/../lib/gcc/arm-none-eabi/5.4.1/../../../../arm-none-eabi/lib/armv7e-m/fpu/libm.a
LOAD Application/SW4STM32/startup_stm32l476xx.o
LOAD Application/User/gpio.o
LOAD Application/User/i2c.o
LOAD Application/User/main.o
LOAD Application/User/stm32l4xx_hal_msp.o
LOAD Application/User/stm32l4xx_it.o
LOAD Drivers/CMSIS/system_stm32l4xx.o
LOAD Drivers/STM32L4xx_HAL_Driver/stm32l4xx_hal.o
LOAD Drivers/STM32L4xx_HAL_Driver/stm32l4xx_hal_cortex.o
LOAD Drivers/STM32L4xx_HAL_Driver/stm32l4xx_hal_dma.o
LOAD Drivers/STM32L4xx_HAL_Driver/stm32l4xx_hal_flash.o
LOAD Drivers/STM32L4xx_HAL_Driver/stm32l4xx_hal_flash_ex.o
LOAD Drivers/STM32L4xx_HAL_Driver/stm32l4xx_hal_flash_ramfunc.o
LOAD Drivers/STM32L4xx_HAL_Driver/stm32l4xx_hal_gpio.o
LOAD Drivers/STM32L4xx_HAL_Driver/stm32l4xx_hal_i2c.o
LOAD Drivers/STM32L4xx_HAL_Driver/stm32l4xx_hal_i2c_ex.o
LOAD Drivers/STM32L4xx_HAL_Driver/stm32l4xx_hal_pwr.o
LOAD Drivers/STM32L4xx_HAL_Driver/stm32l4xx_hal_pwr_ex.o
LOAD Drivers/STM32L4xx_HAL_Driver/stm32l4xx_hal_rcc.o
LOAD Drivers/STM32L4xx_HAL_Driver/stm32l4xx_hal_rcc_ex.o
LOAD Drivers/STM32L4xx_HAL_Driver/stm32l4xx_hal_tim.o
LOAD Drivers/STM32L4xx_HAL_Driver/stm32l4xx_hal_tim_ex.o
START GROUP
LOAD /Users/fabiomonteiro/dev/SystemWorkbench/SystemWorkbench.app/Contents/Eclipse/plugins/fr.ac6.mcu.externaltools.arm-none.macos64_1.13.0.201701121612/tools/compiler/bin/../lib/gcc/arm-none-eabi/5.4.1/armv7e-m/fpu/libgcc.a
LOAD /Users/fabiomonteiro/dev/SystemWorkbench/SystemWorkbench.app/Contents/Eclipse/plugins/fr.ac6.mcu.externaltools.arm-none.macos64_1.13.0.201701121612/tools/compiler/bin/../lib/gcc/arm-none-eabi/5.4.1/../../../../arm-none-eabi/lib/armv7e-m/fpu/libc_nano.a
END GROUP
START GROUP
LOAD /Users/fabiomonteiro/dev/SystemWorkbench/SystemWorkbench.app/Contents/Eclipse/plugins/fr.ac6.mcu.externaltools.arm-none.macos64_1.13.0.201701121612/tools/compiler/bin/../lib/gcc/arm-none-eabi/5.4.1/armv7e-m/fpu/libgcc.a
LOAD /Users/fabiomonteiro/dev/SystemWorkbench/SystemWorkbench.app/Contents/Eclipse/plugins/fr.ac6.mcu.externaltools.arm-none.macos64_1.13.0.201701121612/tools/compiler/bin/../lib/gcc/arm-none-eabi/5.4.1/../../../../arm-none-eabi/lib/armv7e-m/fpu/libc_nano.a
LOAD /Users/fabiomonteiro/dev/SystemWorkbench/SystemWorkbench.app/Contents/Eclipse/plugins/fr.ac6.mcu.externaltools.arm-none.macos64_1.13.0.201701121612/tools/compiler/bin/../lib/gcc/arm-none-eabi/5.4.1/../../../../arm-none-eabi/lib/armv7e-m/fpu/libnosys.a
END GROUP
START GROUP
LOAD /Users/fabiomonteiro/dev/SystemWorkbench/SystemWorkbench.app/Contents/Eclipse/plugins/fr.ac6.mcu.externaltools.arm-none.macos64_1.13.0.201701121612/tools/compiler/bin/../lib/gcc/arm-none-eabi/5.4.1/armv7e-m/fpu/libgcc.a
LOAD /Users/fabiomonteiro/dev/SystemWorkbench/SystemWorkbench.app/Contents/Eclipse/plugins/fr.ac6.mcu.externaltools.arm-none.macos64_1.13.0.201701121612/tools/compiler/bin/../lib/gcc/arm-none-eabi/5.4.1/../../../../arm-none-eabi/lib/armv7e-m/fpu/libc_nano.a
LOAD /Users/fabiomonteiro/dev/SystemWorkbench/SystemWorkbench.app/Contents/Eclipse/plugins/fr.ac6.mcu.externaltools.arm-none.macos64_1.13.0.201701121612/tools/compiler/bin/../lib/gcc/arm-none-eabi/5.4.1/../../../../arm-none-eabi/lib/armv7e-m/fpu/libnosys.a
END GROUP
LOAD /Users/fabiomonteiro/dev/SystemWorkbench/SystemWorkbench.app/Contents/Eclipse/plugins/fr.ac6.mcu.externaltools.arm-none.macos64_1.13.0.201701121612/tools/compiler/bin/../lib/gcc/arm-none-eabi/5.4.1/armv7e-m/fpu/crtend.o
LOAD /Users/fabiomonteiro/dev/SystemWorkbench/SystemWorkbench.app/Contents/Eclipse/plugins/fr.ac6.mcu.externaltools.arm-none.macos64_1.13.0.201701121612/tools/compiler/bin/../lib/gcc/arm-none-eabi/5.4.1/armv7e-m/fpu/crtn.o
                0x0000000020018000                _estack = 0x20018000
                0x0000000000000200                _Min_Heap_Size = 0x200
                0x0000000000000400                _Min_Stack_Size = 0x400

.isr_vector     0x0000000008000000      0x188
                0x0000000008000000                . = ALIGN (0x8)
 *(.isr_vector)
 .isr_vector    0x0000000008000000      0x188 Application/SW4STM32/startup_stm32l476xx.o
                0x0000000008000000                g_pfnVectors
                0x0000000008000188                . = ALIGN (0x8)

.text           0x0000000008000188     0x1b90
                0x0000000008000188                . = ALIGN (0x8)
 *(.text)
 .text          0x0000000008000188       0x5c /Users/fabiomonteiro/dev/SystemWorkbench/SystemWorkbench.app/Contents/Eclipse/plugins/fr.ac6.mcu.externaltools.arm-none.macos64_1.13.0.201701121612/tools/compiler/bin/../lib/gcc/arm-none-eabi/5.4.1/armv7e-m/fpu/crtbegin.o
 *(.text*)
 .text.Reset_Handler
                0x00000000080001e4       0x50 Application/SW4STM32/startup_stm32l476xx.o
                0x00000000080001e4                Reset_Handler
 .text.Default_Handler
                0x0000000008000234        0x2 Application/SW4STM32/startup_stm32l476xx.o
                0x0000000008000234                TIM1_BRK_TIM15_IRQHandler
                0x0000000008000234                EXTI2_IRQHandler
                0x0000000008000234                TIM8_TRG_COM_IRQHandler
                0x0000000008000234                TIM8_CC_IRQHandler
                0x0000000008000234                DebugMon_Handler
                0x0000000008000234                TIM1_CC_IRQHandler
                0x0000000008000234                TSC_IRQHandler
                0x0000000008000234                HardFault_Handler
                0x0000000008000234                TAMP_STAMP_IRQHandler
                0x0000000008000234                PendSV_Handler
                0x0000000008000234                NMI_Handler
                0x0000000008000234                EXTI3_IRQHandler
                0x0000000008000234                LPTIM2_IRQHandler
                0x0000000008000234                DFSDM1_FLT1_IRQHandler
                0x0000000008000234                I2C3_ER_IRQHandler
                0x0000000008000234                DFSDM1_FLT2_IRQHandler
                0x0000000008000234                EXTI0_IRQHandler
                0x0000000008000234                I2C2_EV_IRQHandler
                0x0000000008000234                CAN1_RX0_IRQHandler
                0x0000000008000234                FPU_IRQHandler
                0x0000000008000234                TIM1_UP_TIM16_IRQHandler
                0x0000000008000234                UsageFault_Handler
                0x0000000008000234                ADC1_2_IRQHandler
                0x0000000008000234                SPI1_IRQHandler
                0x0000000008000234                TIM6_DAC_IRQHandler
                0x0000000008000234                TIM8_UP_IRQHandler
                0x0000000008000234                DMA2_Channel2_IRQHandler
                0x0000000008000234                DMA1_Channel4_IRQHandler
                0x0000000008000234                SAI2_IRQHandler
                0x0000000008000234                DFSDM1_FLT3_IRQHandler
                0x0000000008000234                USART3_IRQHandler
                0x0000000008000234                DMA1_Channel7_IRQHandler
                0x0000000008000234                CAN1_RX1_IRQHandler
                0x0000000008000234                LCD_IRQHandler
                0x0000000008000234                UART5_IRQHandler
                0x0000000008000234                ADC3_IRQHandler
                0x0000000008000234                TIM4_IRQHandler
                0x0000000008000234                DMA2_Channel1_IRQHandler
                0x0000000008000234                QUADSPI_IRQHandler
                0x0000000008000234                I2C1_EV_IRQHandler
                0x0000000008000234                DMA1_Channel6_IRQHandler
                0x0000000008000234                UART4_IRQHandler
                0x0000000008000234                DMA2_Channel4_IRQHandler
                0x0000000008000234                TIM3_IRQHandler
                0x0000000008000234                RCC_IRQHandler
                0x0000000008000234                DMA1_Channel1_IRQHandler
                0x0000000008000234                Default_Handler
                0x0000000008000234                DMA2_Channel7_IRQHandler
                0x0000000008000234                EXTI15_10_IRQHandler
                0x0000000008000234                TIM7_IRQHandler
                0x0000000008000234                SDMMC1_IRQHandler
                0x0000000008000234                TIM5_IRQHandler
                0x0000000008000234                I2C3_EV_IRQHandler
                0x0000000008000234                EXTI9_5_IRQHandler
                0x0000000008000234                RTC_WKUP_IRQHandler
                0x0000000008000234                PVD_PVM_IRQHandler
                0x0000000008000234                SPI2_IRQHandler
                0x0000000008000234                MemManage_Handler
                0x0000000008000234                CAN1_TX_IRQHandler
                0x0000000008000234                SVC_Handler
                0x0000000008000234                DMA2_Channel5_IRQHandler
                0x0000000008000234                DMA1_Channel5_IRQHandler
                0x0000000008000234                EXTI4_IRQHandler
                0x0000000008000234                RNG_IRQHandler
                0x0000000008000234                TIM1_TRG_COM_TIM17_IRQHandler
                0x0000000008000234                DMA1_Channel3_IRQHandler
                0x0000000008000234                COMP_IRQHandler
                0x0000000008000234                WWDG_IRQHandler
                0x0000000008000234                LPUART1_IRQHandler
                0x0000000008000234                DMA2_Channel6_IRQHandler
                0x0000000008000234                TIM2_IRQHandler
                0x0000000008000234                EXTI1_IRQHandler
                0x0000000008000234                USART2_IRQHandler
                0x0000000008000234                DFSDM1_FLT0_IRQHandler
                0x0000000008000234                I2C2_ER_IRQHandler
                0x0000000008000234                DMA1_Channel2_IRQHandler
                0x0000000008000234                TIM8_BRK_IRQHandler
                0x0000000008000234                CAN1_SCE_IRQHandler
                0x0000000008000234                FLASH_IRQHandler
                0x0000000008000234                BusFault_Handler
                0x0000000008000234                USART1_IRQHandler
                0x0000000008000234                OTG_FS_IRQHandler
                0x0000000008000234                SPI3_IRQHandler
                0x0000000008000234                I2C1_ER_IRQHandler
                0x0000000008000234                FMC_IRQHandler
                0x0000000008000234                SWPMI1_IRQHandler
                0x0000000008000234                LPTIM1_IRQHandler
                0x0000000008000234                SAI1_IRQHandler
                0x0000000008000234                DMA2_Channel3_IRQHandler
                0x0000000008000234                RTC_Alarm_IRQHandler
 *fill*         0x0000000008000236        0x2 
 .text.MX_GPIO_Init
                0x0000000008000238       0xb4 Application/User/gpio.o
                0x0000000008000238                MX_GPIO_Init
 .text.MX_I2C1_Init
                0x00000000080002ec       0x4c Application/User/i2c.o
                0x00000000080002ec                MX_I2C1_Init
 .text.HAL_I2C_MspInit
                0x0000000008000338       0x50 Application/User/i2c.o
                0x0000000008000338                HAL_I2C_MspInit
 .text.SystemClock_Config
                0x0000000008000388       0x8e Application/User/main.o
                0x0000000008000388                SystemClock_Config
 *fill*         0x0000000008000416        0x2 
 .text.startup.main
                0x0000000008000418       0x68 Application/User/main.o
                0x0000000008000418                main
 .text.Error_Handler
                0x0000000008000480        0x2 Application/User/main.o
                0x0000000008000480                Error_Handler
 *fill*         0x0000000008000482        0x2 
 .text.HAL_MspInit
                0x0000000008000484       0x8c Application/User/stm32l4xx_hal_msp.o
                0x0000000008000484                HAL_MspInit
 .text.SysTick_Handler
                0x0000000008000510        0xe Application/User/stm32l4xx_it.o
                0x0000000008000510                SysTick_Handler
 *fill*         0x000000000800051e        0x2 
 .text.SystemInit
                0x0000000008000520       0x48 Drivers/CMSIS/system_stm32l4xx.o
                0x0000000008000520                SystemInit
 .text.HAL_InitTick
                0x0000000008000568       0x28 Drivers/STM32L4xx_HAL_Driver/stm32l4xx_hal.o
                0x0000000008000568                HAL_InitTick
 .text.HAL_Init
                0x0000000008000590       0x24 Drivers/STM32L4xx_HAL_Driver/stm32l4xx_hal.o
                0x0000000008000590                HAL_Init
 .text.HAL_IncTick
                0x00000000080005b4       0x10 Drivers/STM32L4xx_HAL_Driver/stm32l4xx_hal.o
                0x00000000080005b4                HAL_IncTick
 .text.HAL_GetTick
                0x00000000080005c4        0xc Drivers/STM32L4xx_HAL_Driver/stm32l4xx_hal.o
                0x00000000080005c4                HAL_GetTick
 .text.HAL_NVIC_SetPriorityGrouping
                0x00000000080005d0       0x24 Drivers/STM32L4xx_HAL_Driver/stm32l4xx_hal_cortex.o
                0x00000000080005d0                HAL_NVIC_SetPriorityGrouping
 .text.HAL_NVIC_SetPriority
                0x00000000080005f4       0x68 Drivers/STM32L4xx_HAL_Driver/stm32l4xx_hal_cortex.o
                0x00000000080005f4                HAL_NVIC_SetPriority
 .text.HAL_SYSTICK_Config
                0x000000000800065c       0x2c Drivers/STM32L4xx_HAL_Driver/stm32l4xx_hal_cortex.o
                0x000000000800065c                HAL_SYSTICK_Config
 .text.HAL_SYSTICK_CLKSourceConfig
                0x0000000008000688       0x18 Drivers/STM32L4xx_HAL_Driver/stm32l4xx_hal_cortex.o
                0x0000000008000688                HAL_SYSTICK_CLKSourceConfig
 .text.HAL_SYSTICK_Callback
                0x00000000080006a0        0x2 Drivers/STM32L4xx_HAL_Driver/stm32l4xx_hal_cortex.o
                0x00000000080006a0                HAL_SYSTICK_Callback
 .text.HAL_SYSTICK_IRQHandler
                0x00000000080006a2        0x8 Drivers/STM32L4xx_HAL_Driver/stm32l4xx_hal_cortex.o
                0x00000000080006a2                HAL_SYSTICK_IRQHandler
 *fill*         0x00000000080006aa        0x2 
 .text.HAL_GPIO_Init
                0x00000000080006ac      0x1bc Drivers/STM32L4xx_HAL_Driver/stm32l4xx_hal_gpio.o
                0x00000000080006ac                HAL_GPIO_Init
 .text.HAL_GPIO_WritePin
                0x0000000008000868        0xa Drivers/STM32L4xx_HAL_Driver/stm32l4xx_hal_gpio.o
                0x0000000008000868                HAL_GPIO_WritePin
 .text.I2C_Flush_TXDR
                0x0000000008000872       0x1c Drivers/STM32L4xx_HAL_Driver/stm32l4xx_hal_i2c.o
 *fill*         0x000000000800088e        0x2 
 .text.I2C_TransferConfig
                0x0000000008000890       0x24 Drivers/STM32L4xx_HAL_Driver/stm32l4xx_hal_i2c.o
 .text.I2C_WaitOnFlagUntilTimeout
                0x00000000080008b4       0x4e Drivers/STM32L4xx_HAL_Driver/stm32l4xx_hal_i2c.o
 *fill*         0x0000000008000902        0x2 
 .text.I2C_IsAcknowledgeFailed
                0x0000000008000904       0x74 Drivers/STM32L4xx_HAL_Driver/stm32l4xx_hal_i2c.o
 .text.I2C_WaitOnTXISFlagUntilTimeout
                0x0000000008000978       0x52 Drivers/STM32L4xx_HAL_Driver/stm32l4xx_hal_i2c.o
 .text.I2C_RequestMemoryRead
                0x00000000080009ca       0x66 Drivers/STM32L4xx_HAL_Driver/stm32l4xx_hal_i2c.o
 .text.I2C_WaitOnSTOPFlagUntilTimeout
                0x0000000008000a30       0x4e Drivers/STM32L4xx_HAL_Driver/stm32l4xx_hal_i2c.o
 .text.HAL_I2C_Init
                0x0000000008000a7e       0xa2 Drivers/STM32L4xx_HAL_Driver/stm32l4xx_hal_i2c.o
                0x0000000008000a7e                HAL_I2C_Init
 .text.HAL_I2C_Mem_Read
                0x0000000008000b20      0x178 Drivers/STM32L4xx_HAL_Driver/stm32l4xx_hal_i2c.o
                0x0000000008000b20                HAL_I2C_Mem_Read
 .text.HAL_I2C_IsDeviceReady
                0x0000000008000c98      0x10e Drivers/STM32L4xx_HAL_Driver/stm32l4xx_hal_i2c.o
                0x0000000008000c98                HAL_I2C_IsDeviceReady
 .text.HAL_I2CEx_ConfigAnalogFilter
                0x0000000008000da6       0x4c Drivers/STM32L4xx_HAL_Driver/stm32l4xx_hal_i2c_ex.o
                0x0000000008000da6                HAL_I2CEx_ConfigAnalogFilter
 *fill*         0x0000000008000df2        0x2 
 .text.HAL_PWREx_GetVoltageRange
                0x0000000008000df4       0x10 Drivers/STM32L4xx_HAL_Driver/stm32l4xx_hal_pwr_ex.o
                0x0000000008000df4                HAL_PWREx_GetVoltageRange
 .text.HAL_PWREx_ControlVoltageScaling
                0x0000000008000e04       0x6c Drivers/STM32L4xx_HAL_Driver/stm32l4xx_hal_pwr_ex.o
                0x0000000008000e04                HAL_PWREx_ControlVoltageScaling
 .text.RCC_SetFlashLatencyFromMSIRange
                0x0000000008000e70       0x84 Drivers/STM32L4xx_HAL_Driver/stm32l4xx_hal_rcc.o
 .text.HAL_RCC_GetSysClockFreq
                0x0000000008000ef4      0x13c Drivers/STM32L4xx_HAL_Driver/stm32l4xx_hal_rcc.o
                0x0000000008000ef4                HAL_RCC_GetSysClockFreq
 .text.HAL_RCC_OscConfig
                0x0000000008001030      0x48c Drivers/STM32L4xx_HAL_Driver/stm32l4xx_hal_rcc.o
                0x0000000008001030                HAL_RCC_OscConfig
 .text.HAL_RCC_ClockConfig
                0x00000000080014bc      0x170 Drivers/STM32L4xx_HAL_Driver/stm32l4xx_hal_rcc.o
                0x00000000080014bc                HAL_RCC_ClockConfig
 .text.HAL_RCC_GetHCLKFreq
                0x000000000800162c        0xc Drivers/STM32L4xx_HAL_Driver/stm32l4xx_hal_rcc.o
                0x000000000800162c                HAL_RCC_GetHCLKFreq
 .text.RCCEx_PLLSAI1_Config
                0x0000000008001638      0x170 Drivers/STM32L4xx_HAL_Driver/stm32l4xx_hal_rcc_ex.o
 .text.RCCEx_PLLSAI2_Config
                0x00000000080017a8      0x140 Drivers/STM32L4xx_HAL_Driver/stm32l4xx_hal_rcc_ex.o
 .text.HAL_RCCEx_PeriphCLKConfig
                0x00000000080018e8      0x3cc Drivers/STM32L4xx_HAL_Driver/stm32l4xx_hal_rcc_ex.o
                0x00000000080018e8                HAL_RCCEx_PeriphCLKConfig
 .text.__libc_init_array
                0x0000000008001cb4       0x4c /Users/fabiomonteiro/dev/SystemWorkbench/SystemWorkbench.app/Contents/Eclipse/plugins/fr.ac6.mcu.externaltools.arm-none.macos64_1.13.0.201701121612/tools/compiler/bin/../lib/gcc/arm-none-eabi/5.4.1/../../../../arm-none-eabi/lib/armv7e-m/fpu/libc_nano.a(lib_a-init.o)
                0x0000000008001cb4                __libc_init_array
 *(.glue_7)
 .glue_7        0x0000000008001d00        0x0 linker stubs
 *(.glue_7t)
 .glue_7t       0x0000000008001d00        0x0 linker stubs
 *(.eh_frame)
 .eh_frame      0x0000000008001d00        0x0 /Users/fabiomonteiro/dev/SystemWorkbench/SystemWorkbench.app/Contents/Eclipse/plugins/fr.ac6.mcu.externaltools.arm-none.macos64_1.13.0.201701121612/tools/compiler/bin/../lib/gcc/arm-none-eabi/5.4.1/armv7e-m/fpu/crtbegin.o
 *(.init)
 .init          0x0000000008001d00        0x4 /Users/fabiomonteiro/dev/SystemWorkbench/SystemWorkbench.app/Contents/Eclipse/plugins/fr.ac6.mcu.externaltools.arm-none.macos64_1.13.0.201701121612/tools/compiler/bin/../lib/gcc/arm-none-eabi/5.4.1/armv7e-m/fpu/crti.o
                0x0000000008001d00                _init
 .init          0x0000000008001d04        0x8 /Users/fabiomonteiro/dev/SystemWorkbench/SystemWorkbench.app/Contents/Eclipse/plugins/fr.ac6.mcu.externaltools.arm-none.macos64_1.13.0.201701121612/tools/compiler/bin/../lib/gcc/arm-none-eabi/5.4.1/armv7e-m/fpu/crtn.o
 *(.fini)
 .fini          0x0000000008001d0c        0x4 /Users/fabiomonteiro/dev/SystemWorkbench/SystemWorkbench.app/Contents/Eclipse/plugins/fr.ac6.mcu.externaltools.arm-none.macos64_1.13.0.201701121612/tools/compiler/bin/../lib/gcc/arm-none-eabi/5.4.1/armv7e-m/fpu/crti.o
                0x0000000008001d0c                _fini
 .fini          0x0000000008001d10        0x8 /Users/fabiomonteiro/dev/SystemWorkbench/SystemWorkbench.app/Contents/Eclipse/plugins/fr.ac6.mcu.externaltools.arm-none.macos64_1.13.0.201701121612/tools/compiler/bin/../lib/gcc/arm-none-eabi/5.4.1/armv7e-m/fpu/crtn.o
                0x0000000008001d18                . = ALIGN (0x8)
                0x0000000008001d18                _etext = .

.vfp11_veneer   0x0000000008001d18        0x0
 .vfp11_veneer  0x0000000008001d18        0x0 linker stubs

.v4_bx          0x0000000008001d18        0x0
 .v4_bx         0x0000000008001d18        0x0 linker stubs

.iplt           0x0000000008001d18        0x0
 .iplt          0x0000000008001d18        0x0 /Users/fabiomonteiro/dev/SystemWorkbench/SystemWorkbench.app/Contents/Eclipse/plugins/fr.ac6.mcu.externaltools.arm-none.macos64_1.13.0.201701121612/tools/compiler/bin/../lib/gcc/arm-none-eabi/5.4.1/armv7e-m/fpu/crtbegin.o

.rodata         0x0000000008001d18       0x48
                0x0000000008001d18                . = ALIGN (0x8)
 *(.rodata)
 .rodata        0x0000000008001d18       0x48 Drivers/CMSIS/system_stm32l4xx.o
                0x0000000008001d18                MSIRangeTable
                0x0000000008001d48                AHBPrescTable
                0x0000000008001d58                APBPrescTable
 *(.rodata*)
                0x0000000008001d60                . = ALIGN (0x8)

.rel.dyn        0x0000000008001d60        0x0
 .rel.iplt      0x0000000008001d60        0x0 /Users/fabiomonteiro/dev/SystemWorkbench/SystemWorkbench.app/Contents/Eclipse/plugins/fr.ac6.mcu.externaltools.arm-none.macos64_1.13.0.201701121612/tools/compiler/bin/../lib/gcc/arm-none-eabi/5.4.1/armv7e-m/fpu/crtbegin.o

.ARM.extab      0x0000000008001d60        0x0
                0x0000000008001d60                . = ALIGN (0x8)
 *(.ARM.extab* .gnu.linkonce.armextab.*)
                0x0000000008001d60                . = ALIGN (0x8)

.ARM            0x0000000008001d60        0x0
                0x0000000008001d60                . = ALIGN (0x8)
                0x0000000008001d60                __exidx_start = .
 *(.ARM.exidx*)
                0x0000000008001d60                __exidx_end = .
                0x0000000008001d60                . = ALIGN (0x8)

.preinit_array  0x0000000008001d60        0x0
                0x0000000008001d60                . = ALIGN (0x8)
                0x0000000008001d60                PROVIDE (__preinit_array_start, .)
 *(.preinit_array*)
                0x0000000008001d60                PROVIDE (__preinit_array_end, .)
                0x0000000008001d60                . = ALIGN (0x8)

.init_array     0x0000000008001d60        0x8
                0x0000000008001d60                . = ALIGN (0x8)
                0x0000000008001d60                PROVIDE (__init_array_start, .)
 *(SORT(.init_array.*))
 *(.init_array*)
 .init_array    0x0000000008001d60        0x4 /Users/fabiomonteiro/dev/SystemWorkbench/SystemWorkbench.app/Contents/Eclipse/plugins/fr.ac6.mcu.externaltools.arm-none.macos64_1.13.0.201701121612/tools/compiler/bin/../lib/gcc/arm-none-eabi/5.4.1/armv7e-m/fpu/crtbegin.o
                0x0000000008001d64                PROVIDE (__init_array_end, .)
                0x0000000008001d68                . = ALIGN (0x8)
 *fill*         0x0000000008001d64        0x4 

.fini_array     0x0000000008001d68        0x8
                0x0000000008001d68                . = ALIGN (0x8)
                [!provide]                        PROVIDE (__fini_array_start, .)
 *(SORT(.fini_array.*))
 *(.fini_array*)
 .fini_array    0x0000000008001d68        0x4 /Users/fabiomonteiro/dev/SystemWorkbench/SystemWorkbench.app/Contents/Eclipse/plugins/fr.ac6.mcu.externaltools.arm-none.macos64_1.13.0.201701121612/tools/compiler/bin/../lib/gcc/arm-none-eabi/5.4.1/armv7e-m/fpu/crtbegin.o
                [!provide]                        PROVIDE (__fini_array_end, .)
                0x0000000008001d70                . = ALIGN (0x8)
 *fill*         0x0000000008001d6c        0x4 
                0x0000000008001d70                _sidata = LOADADDR (.data)

.data           0x0000000020000000        0x8 load address 0x0000000008001d70
                0x0000000020000000                . = ALIGN (0x8)
                0x0000000020000000                _sdata = .
 *(.data)
 .data          0x0000000020000000        0x4 Drivers/CMSIS/system_stm32l4xx.o
                0x0000000020000000                SystemCoreClock
 *(.data*)
                0x0000000020000008                . = ALIGN (0x8)
 *fill*         0x0000000020000004        0x4 
                0x0000000020000008                _edata = .

.jcr            0x0000000020000008        0x0 load address 0x0000000008001d78
 .jcr           0x0000000020000008        0x0 /Users/fabiomonteiro/dev/SystemWorkbench/SystemWorkbench.app/Contents/Eclipse/plugins/fr.ac6.mcu.externaltools.arm-none.macos64_1.13.0.201701121612/tools/compiler/bin/../lib/gcc/arm-none-eabi/5.4.1/armv7e-m/fpu/crtbegin.o

.igot.plt       0x0000000020000008        0x0 load address 0x0000000008001d78
 .igot.plt      0x0000000020000008        0x0 /Users/fabiomonteiro/dev/SystemWorkbench/SystemWorkbench.app/Contents/Eclipse/plugins/fr.ac6.mcu.externaltools.arm-none.macos64_1.13.0.201701121612/tools/compiler/bin/../lib/gcc/arm-none-eabi/5.4.1/armv7e-m/fpu/crtbegin.o
                0x0000000020000008                . = ALIGN (0x4)

.bss            0x0000000020000008       0x70 load address 0x0000000008001d78
                0x0000000020000008                _sbss = .
                0x0000000020000008                __bss_start__ = _sbss
 *(.bss)
 .bss           0x0000000020000008       0x1c /Users/fabiomonteiro/dev/SystemWorkbench/SystemWorkbench.app/Contents/Eclipse/plugins/fr.ac6.mcu.externaltools.arm-none.macos64_1.13.0.201701121612/tools/compiler/bin/../lib/gcc/arm-none-eabi/5.4.1/armv7e-m/fpu/crtbegin.o
 *(.bss*)
 *(COMMON)
 COMMON         0x0000000020000024       0x4c Application/User/i2c.o
                0x0000000020000024                hi2c1
 COMMON         0x0000000020000070        0x1 Application/User/main.o
                0x0000000020000070                val
 *fill*         0x0000000020000071        0x3 
 COMMON         0x0000000020000074        0x4 Drivers/STM32L4xx_HAL_Driver/stm32l4xx_hal.o
                0x0000000020000074                uwTick
                0x0000000020000078                . = ALIGN (0x4)
                0x0000000020000078                _ebss = .
                0x0000000020000078                __bss_end__ = _ebss

._user_heap_stack
                0x0000000020000078      0x600 load address 0x0000000008001d78
                0x0000000020000078                . = ALIGN (0x8)
                [!provide]                        PROVIDE (end, .)
                [!provide]                        PROVIDE (_end, .)
                0x0000000020000278                . = (. + _Min_Heap_Size)
 *fill*         0x0000000020000078      0x200 
                0x0000000020000678                . = (. + _Min_Stack_Size)
 *fill*         0x0000000020000278      0x400 
                0x0000000020000678                . = ALIGN (0x8)

/DISCARD/
 libc.a(*)
 libm.a(*)
 libgcc.a(*)

.ARM.attributes
                0x0000000000000000       0x30
 *(.ARM.attributes)
 .ARM.attributes
                0x0000000000000000       0x22 /Users/fabiomonteiro/dev/SystemWorkbench/SystemWorkbench.app/Contents/Eclipse/plugins/fr.ac6.mcu.externaltools.arm-none.macos64_1.13.0.201701121612/tools/compiler/bin/../lib/gcc/arm-none-eabi/5.4.1/armv7e-m/fpu/crti.o
 .ARM.attributes
                0x0000000000000022       0x34 /Users/fabiomonteiro/dev/SystemWorkbench/SystemWorkbench.app/Contents/Eclipse/plugins/fr.ac6.mcu.externaltools.arm-none.macos64_1.13.0.201701121612/tools/compiler/bin/../lib/gcc/arm-none-eabi/5.4.1/armv7e-m/fpu/crtbegin.o
 .ARM.attributes
                0x0000000000000056       0x21 Application/SW4STM32/startup_stm32l476xx.o
 .ARM.attributes
                0x0000000000000077       0x39 Application/User/gpio.o
 .ARM.attributes
                0x00000000000000b0       0x39 Application/User/i2c.o
 .ARM.attributes
                0x00000000000000e9       0x39 Application/User/main.o
 .ARM.attributes
                0x0000000000000122       0x39 Application/User/stm32l4xx_hal_msp.o
 .ARM.attributes
                0x000000000000015b       0x39 Application/User/stm32l4xx_it.o
 .ARM.attributes
                0x0000000000000194       0x39 Drivers/CMSIS/system_stm32l4xx.o
 .ARM.attributes
                0x00000000000001cd       0x39 Drivers/STM32L4xx_HAL_Driver/stm32l4xx_hal.o
 .ARM.attributes
                0x0000000000000206       0x39 Drivers/STM32L4xx_HAL_Driver/stm32l4xx_hal_cortex.o
 .ARM.attributes
                0x000000000000023f       0x39 Drivers/STM32L4xx_HAL_Driver/stm32l4xx_hal_gpio.o
 .ARM.attributes
                0x0000000000000278       0x39 Drivers/STM32L4xx_HAL_Driver/stm32l4xx_hal_i2c.o
 .ARM.attributes
                0x00000000000002b1       0x39 Drivers/STM32L4xx_HAL_Driver/stm32l4xx_hal_i2c_ex.o
 .ARM.attributes
                0x00000000000002ea       0x39 Drivers/STM32L4xx_HAL_Driver/stm32l4xx_hal_pwr_ex.o
 .ARM.attributes
                0x0000000000000323       0x39 Drivers/STM32L4xx_HAL_Driver/stm32l4xx_hal_rcc.o
 .ARM.attributes
                0x000000000000035c       0x39 Drivers/STM32L4xx_HAL_Driver/stm32l4xx_hal_rcc_ex.o
 .ARM.attributes
                0x0000000000000395       0x34 /Users/fabiomonteiro/dev/SystemWorkbench/SystemWorkbench.app/Contents/Eclipse/plugins/fr.ac6.mcu.externaltools.arm-none.macos64_1.13.0.201701121612/tools/compiler/bin/../lib/gcc/arm-none-eabi/5.4.1/../../../../arm-none-eabi/lib/armv7e-m/fpu/libc_nano.a(lib_a-init.o)
 .ARM.attributes
                0x00000000000003c9       0x22 /Users/fabiomonteiro/dev/SystemWorkbench/SystemWorkbench.app/Contents/Eclipse/plugins/fr.ac6.mcu.externaltools.arm-none.macos64_1.13.0.201701121612/tools/compiler/bin/../lib/gcc/arm-none-eabi/5.4.1/armv7e-m/fpu/crtn.o
OUTPUT(STM32-I2C.elf elf32-littlearm)

.debug_line     0x0000000000000000     0xa06c
 .debug_line    0x0000000000000000       0xaa Application/SW4STM32/startup_stm32l476xx.o
 .debug_line    0x00000000000000aa      0x8ac Application/User/gpio.o
 .debug_line    0x0000000000000956      0x8d0 Application/User/i2c.o
 .debug_line    0x0000000000001226      0x8e7 Application/User/main.o
 .debug_line    0x0000000000001b0d      0x896 Application/User/stm32l4xx_hal_msp.o
 .debug_line    0x00000000000023a3      0x897 Application/User/stm32l4xx_it.o
 .debug_line    0x0000000000002c3a      0x8c2 Drivers/CMSIS/system_stm32l4xx.o
 .debug_line    0x00000000000034fc      0xa9c Drivers/STM32L4xx_HAL_Driver/stm32l4xx_hal.o
 .debug_line    0x0000000000003f98      0xa8d Drivers/STM32L4xx_HAL_Driver/stm32l4xx_hal_cortex.o
 .debug_line    0x0000000000004a25      0xa4a Drivers/STM32L4xx_HAL_Driver/stm32l4xx_hal_gpio.o
 .debug_line    0x000000000000546f     0x1aff Drivers/STM32L4xx_HAL_Driver/stm32l4xx_hal_i2c.o
 .debug_line    0x0000000000006f6e      0x9ce Drivers/STM32L4xx_HAL_Driver/stm32l4xx_hal_i2c_ex.o
 .debug_line    0x000000000000793c      0xbf7 Drivers/STM32L4xx_HAL_Driver/stm32l4xx_hal_pwr_ex.o
 .debug_line    0x0000000000008533      0xc7c Drivers/STM32L4xx_HAL_Driver/stm32l4xx_hal_rcc.o
 .debug_line    0x00000000000091af      0xebd Drivers/STM32L4xx_HAL_Driver/stm32l4xx_hal_rcc_ex.o

.debug_info     0x0000000000000000     0xb716
 .debug_info    0x0000000000000000       0xb6 Application/SW4STM32/startup_stm32l476xx.o
 .debug_info    0x00000000000000b6      0x52c Application/User/gpio.o
 .debug_info    0x00000000000005e2      0xa4d Application/User/i2c.o
 .debug_info    0x000000000000102f      0xdd1 Application/User/main.o
 .debug_info    0x0000000000001e00      0x632 Application/User/stm32l4xx_hal_msp.o
 .debug_info    0x0000000000002432       0xec Application/User/stm32l4xx_it.o
 .debug_info    0x000000000000251e      0x5b2 Drivers/CMSIS/system_stm32l4xx.o
 .debug_info    0x0000000000002ad0      0xb43 Drivers/STM32L4xx_HAL_Driver/stm32l4xx_hal.o
 .debug_info    0x0000000000003613      0xe89 Drivers/STM32L4xx_HAL_Driver/stm32l4xx_hal_cortex.o
 .debug_info    0x000000000000449c      0x7ef Drivers/STM32L4xx_HAL_Driver/stm32l4xx_hal_gpio.o
 .debug_info    0x0000000000004c8b     0x2f6d Drivers/STM32L4xx_HAL_Driver/stm32l4xx_hal_i2c.o
 .debug_info    0x0000000000007bf8      0x9c4 Drivers/STM32L4xx_HAL_Driver/stm32l4xx_hal_i2c_ex.o
 .debug_info    0x00000000000085bc      0xa06 Drivers/STM32L4xx_HAL_Driver/stm32l4xx_hal_pwr_ex.o
 .debug_info    0x0000000000008fc2     0x10e9 Drivers/STM32L4xx_HAL_Driver/stm32l4xx_hal_rcc.o
 .debug_info    0x000000000000a0ab     0x166b Drivers/STM32L4xx_HAL_Driver/stm32l4xx_hal_rcc_ex.o

.debug_abbrev   0x0000000000000000     0x1b7a
 .debug_abbrev  0x0000000000000000       0x12 Application/SW4STM32/startup_stm32l476xx.o
 .debug_abbrev  0x0000000000000012      0x151 Application/User/gpio.o
 .debug_abbrev  0x0000000000000163      0x1da Application/User/i2c.o
 .debug_abbrev  0x000000000000033d      0x1fe Application/User/main.o
 .debug_abbrev  0x000000000000053b      0x112 Application/User/stm32l4xx_hal_msp.o
 .debug_abbrev  0x000000000000064d       0x96 Application/User/stm32l4xx_it.o
 .debug_abbrev  0x00000000000006e3      0x125 Drivers/CMSIS/system_stm32l4xx.o
 .debug_abbrev  0x0000000000000808      0x1fb Drivers/STM32L4xx_HAL_Driver/stm32l4xx_hal.o
 .debug_abbrev  0x0000000000000a03      0x316 Drivers/STM32L4xx_HAL_Driver/stm32l4xx_hal_cortex.o
 .debug_abbrev  0x0000000000000d19      0x1cb Drivers/STM32L4xx_HAL_Driver/stm32l4xx_hal_gpio.o
 .debug_abbrev  0x0000000000000ee4      0x31a Drivers/STM32L4xx_HAL_Driver/stm32l4xx_hal_i2c.o
 .debug_abbrev  0x00000000000011fe      0x183 Drivers/STM32L4xx_HAL_Driver/stm32l4xx_hal_i2c_ex.o
 .debug_abbrev  0x0000000000001381      0x25f Drivers/STM32L4xx_HAL_Driver/stm32l4xx_hal_pwr_ex.o
 .debug_abbrev  0x00000000000015e0      0x2cd Drivers/STM32L4xx_HAL_Driver/stm32l4xx_hal_rcc.o
 .debug_abbrev  0x00000000000018ad      0x2cd Drivers/STM32L4xx_HAL_Driver/stm32l4xx_hal_rcc_ex.o

.debug_aranges  0x0000000000000000      0x7b0
 .debug_aranges
                0x0000000000000000       0x28 Application/SW4STM32/startup_stm32l476xx.o
 .debug_aranges
                0x0000000000000028       0x20 Application/User/gpio.o
 .debug_aranges
                0x0000000000000048       0x30 Application/User/i2c.o
 .debug_aranges
                0x0000000000000078       0x30 Application/User/main.o
 .debug_aranges
                0x00000000000000a8       0x20 Application/User/stm32l4xx_hal_msp.o
 .debug_aranges
                0x00000000000000c8       0x20 Application/User/stm32l4xx_it.o
 .debug_aranges
                0x00000000000000e8       0x28 Drivers/CMSIS/system_stm32l4xx.o
 .debug_aranges
                0x0000000000000110       0xf8 Drivers/STM32L4xx_HAL_Driver/stm32l4xx_hal.o
 .debug_aranges
                0x0000000000000208       0x98 Drivers/STM32L4xx_HAL_Driver/stm32l4xx_hal_cortex.o
 .debug_aranges
                0x00000000000002a0       0x58 Drivers/STM32L4xx_HAL_Driver/stm32l4xx_hal_gpio.o
 .debug_aranges
                0x00000000000002f8      0x200 Drivers/STM32L4xx_HAL_Driver/stm32l4xx_hal_i2c.o
 .debug_aranges
                0x00000000000004f8       0x48 Drivers/STM32L4xx_HAL_Driver/stm32l4xx_hal_i2c_ex.o
 .debug_aranges
                0x0000000000000540      0x130 Drivers/STM32L4xx_HAL_Driver/stm32l4xx_hal_pwr_ex.o
 .debug_aranges
                0x0000000000000670       0x88 Drivers/STM32L4xx_HAL_Driver/stm32l4xx_hal_rcc.o
 .debug_aranges
                0x00000000000006f8       0xb8 Drivers/STM32L4xx_HAL_Driver/stm32l4xx_hal_rcc_ex.o

.debug_ranges   0x0000000000000000      0x9e0
 .debug_ranges  0x0000000000000000       0x20 Application/SW4STM32/startup_stm32l476xx.o
 .debug_ranges  0x0000000000000020       0x50 Application/User/gpio.o
 .debug_ranges  0x0000000000000070       0x20 Application/User/i2c.o
 .debug_ranges  0x0000000000000090       0x20 Application/User/main.o
 .debug_ranges  0x00000000000000b0       0x40 Application/User/stm32l4xx_hal_msp.o
 .debug_ranges  0x00000000000000f0       0x10 Application/User/stm32l4xx_it.o
 .debug_ranges  0x0000000000000100       0x18 Drivers/CMSIS/system_stm32l4xx.o
 .debug_ranges  0x0000000000000118       0xe8 Drivers/STM32L4xx_HAL_Driver/stm32l4xx_hal.o
 .debug_ranges  0x0000000000000200      0x148 Drivers/STM32L4xx_HAL_Driver/stm32l4xx_hal_cortex.o
 .debug_ranges  0x0000000000000348       0x68 Drivers/STM32L4xx_HAL_Driver/stm32l4xx_hal_gpio.o
 .debug_ranges  0x00000000000003b0      0x238 Drivers/STM32L4xx_HAL_Driver/stm32l4xx_hal_i2c.o
 .debug_ranges  0x00000000000005e8       0x68 Drivers/STM32L4xx_HAL_Driver/stm32l4xx_hal_i2c_ex.o
 .debug_ranges  0x0000000000000650      0x120 Drivers/STM32L4xx_HAL_Driver/stm32l4xx_hal_pwr_ex.o
 .debug_ranges  0x0000000000000770       0xc0 Drivers/STM32L4xx_HAL_Driver/stm32l4xx_hal_rcc.o
 .debug_ranges  0x0000000000000830      0x1b0 Drivers/STM32L4xx_HAL_Driver/stm32l4xx_hal_rcc_ex.o

.debug_macro    0x0000000000000000    0x25d33
 .debug_macro   0x0000000000000000      0x2f5 Application/User/gpio.o
 .debug_macro   0x00000000000002f5      0x89e Application/User/gpio.o
 .debug_macro   0x0000000000000b93       0x5e Application/User/gpio.o
 .debug_macro   0x0000000000000bf1       0xa7 Application/User/gpio.o
 .debug_macro   0x0000000000000c98       0x2e Application/User/gpio.o
 .debug_macro   0x0000000000000cc6       0x28 Application/User/gpio.o
 .debug_macro   0x0000000000000cee       0x22 Application/User/gpio.o
 .debug_macro   0x0000000000000d10       0x87 Application/User/gpio.o
 .debug_macro   0x0000000000000d97       0x44 Application/User/gpio.o
 .debug_macro   0x0000000000000ddb       0xfd Application/User/gpio.o
 .debug_macro   0x0000000000000ed8       0x5e Application/User/gpio.o
 .debug_macro   0x0000000000000f36      0x1df Application/User/gpio.o
 .debug_macro   0x0000000000001115       0x35 Application/User/gpio.o
 .debug_macro   0x000000000000114a       0x50 Application/User/gpio.o
 .debug_macro   0x000000000000119a      0xe66 Application/User/gpio.o
 .debug_macro   0x0000000000002000    0x1a13b Application/User/gpio.o
 .debug_macro   0x000000000001c13b       0x43 Application/User/gpio.o
 .debug_macro   0x000000000001c17e     0x359e Application/User/gpio.o
 .debug_macro   0x000000000001f71c       0x52 Application/User/gpio.o
 .debug_macro   0x000000000001f76e       0x35 Application/User/gpio.o
 .debug_macro   0x000000000001f7a3       0x9c Application/User/gpio.o
 .debug_macro   0x000000000001f83f       0x16 Application/User/gpio.o
 .debug_macro   0x000000000001f855       0x97 Application/User/gpio.o
 .debug_macro   0x000000000001f8ec      0x30d Application/User/gpio.o
 .debug_macro   0x000000000001fbf9       0xfd Application/User/gpio.o
 .debug_macro   0x000000000001fcf6       0x10 Application/User/gpio.o
 .debug_macro   0x000000000001fd06       0x52 Application/User/gpio.o
 .debug_macro   0x000000000001fd58       0x1f Application/User/gpio.o
 .debug_macro   0x000000000001fd77       0x43 Application/User/gpio.o
 .debug_macro   0x000000000001fdba       0x20 Application/User/gpio.o
 .debug_macro   0x000000000001fdda      0x187 Application/User/gpio.o
 .debug_macro   0x000000000001ff61       0x10 Application/User/gpio.o
 .debug_macro   0x000000000001ff71       0x1c Application/User/gpio.o
 .debug_macro   0x000000000001ff8d       0x52 Application/User/gpio.o
 .debug_macro   0x000000000001ffdf       0x40 Application/User/gpio.o
 .debug_macro   0x000000000002001f       0x10 Application/User/gpio.o
 .debug_macro   0x000000000002002f       0x40 Application/User/gpio.o
 .debug_macro   0x000000000002006f       0xd7 Application/User/gpio.o
 .debug_macro   0x0000000000020146       0x16 Application/User/gpio.o
 .debug_macro   0x000000000002015c      0x18b Application/User/gpio.o
 .debug_macro   0x00000000000202e7       0x50 Application/User/gpio.o
 .debug_macro   0x0000000000020337     0x1566 Application/User/gpio.o
 .debug_macro   0x000000000002189d      0x59e Application/User/gpio.o
 .debug_macro   0x0000000000021e3b      0x148 Application/User/gpio.o
 .debug_macro   0x0000000000021f83      0x18b Application/User/gpio.o
 .debug_macro   0x000000000002210e      0x25d Application/User/gpio.o
 .debug_macro   0x000000000002236b      0x23a Application/User/gpio.o
 .debug_macro   0x00000000000225a5      0x367 Application/User/gpio.o
 .debug_macro   0x000000000002290c       0x10 Application/User/gpio.o
 .debug_macro   0x000000000002291c       0xe4 Application/User/gpio.o
 .debug_macro   0x0000000000022a00      0x202 Application/User/gpio.o
 .debug_macro   0x0000000000022c02       0x61 Application/User/gpio.o
 .debug_macro   0x0000000000022c63       0x90 Application/User/gpio.o
 .debug_macro   0x0000000000022cf3      0x126 Application/User/gpio.o
 .debug_macro   0x0000000000022e19      0x3dc Application/User/gpio.o
 .debug_macro   0x00000000000231f5      0x31d Application/User/gpio.o
 .debug_macro   0x0000000000023512      0x2ff Application/User/i2c.o
 .debug_macro   0x0000000000023811      0x303 Application/User/main.o
 .debug_macro   0x0000000000023b14      0x2eb Application/User/stm32l4xx_hal_msp.o
 .debug_macro   0x0000000000023dff      0x2f5 Application/User/stm32l4xx_it.o
 .debug_macro   0x00000000000240f4      0x2f2 Drivers/CMSIS/system_stm32l4xx.o
 .debug_macro   0x00000000000243e6      0x339 Drivers/STM32L4xx_HAL_Driver/stm32l4xx_hal.o
 .debug_macro   0x000000000002471f      0x2eb Drivers/STM32L4xx_HAL_Driver/stm32l4xx_hal_cortex.o
 .debug_macro   0x0000000000024a0a      0x32a Drivers/STM32L4xx_HAL_Driver/stm32l4xx_hal_gpio.o
 .debug_macro   0x0000000000024d34      0x3b7 Drivers/STM32L4xx_HAL_Driver/stm32l4xx_hal_i2c.o
 .debug_macro   0x00000000000250eb      0x2eb Drivers/STM32L4xx_HAL_Driver/stm32l4xx_hal_i2c_ex.o
 .debug_macro   0x00000000000253d6      0x30f Drivers/STM32L4xx_HAL_Driver/stm32l4xx_hal_pwr_ex.o
 .debug_macro   0x00000000000256e5      0x32d Drivers/STM32L4xx_HAL_Driver/stm32l4xx_hal_rcc.o
 .debug_macro   0x0000000000025a12      0x321 Drivers/STM32L4xx_HAL_Driver/stm32l4xx_hal_rcc_ex.o

.debug_str      0x0000000000000000    0xde1eb
 .debug_str     0x0000000000000000    0xdad18 Application/User/gpio.o
                                      0xdafe2 (size before relaxing)
 .debug_str     0x00000000000dad18      0x4d7 Application/User/i2c.o
                                      0xdb4e3 (size before relaxing)
 .debug_str     0x00000000000db1ef      0x91a Application/User/main.o
                                      0xdbc88 (size before relaxing)
 .debug_str     0x00000000000dbb09       0x6e Application/User/stm32l4xx_hal_msp.o
                                      0xdb423 (size before relaxing)
 .debug_str     0x00000000000dbb77       0x85 Application/User/stm32l4xx_it.o
                                      0xdade0 (size before relaxing)
 .debug_str     0x00000000000dbbfc      0x12c Drivers/CMSIS/system_stm32l4xx.o
                                      0xdaffc (size before relaxing)
 .debug_str     0x00000000000dbd28      0x5f0 Drivers/STM32L4xx_HAL_Driver/stm32l4xx_hal.o
                                      0xdbb2f (size before relaxing)
 .debug_str     0x00000000000dc318      0x336 Drivers/STM32L4xx_HAL_Driver/stm32l4xx_hal_cortex.o
                                      0xdb7d3 (size before relaxing)
 .debug_str     0x00000000000dc64e      0x286 Drivers/STM32L4xx_HAL_Driver/stm32l4xx_hal_gpio.o
                                      0xdb28b (size before relaxing)
 .debug_str     0x00000000000dc8d4      0xc82 Drivers/STM32L4xx_HAL_Driver/stm32l4xx_hal_i2c.o
                                      0xdbf3b (size before relaxing)
 .debug_str     0x00000000000dd556       0xe2 Drivers/STM32L4xx_HAL_Driver/stm32l4xx_hal_i2c_ex.o
                                      0xdb507 (size before relaxing)
 .debug_str     0x00000000000dd638      0x470 Drivers/STM32L4xx_HAL_Driver/stm32l4xx_hal_pwr_ex.o
                                      0xdb4a3 (size before relaxing)
 .debug_str     0x00000000000ddaa8      0x36c Drivers/STM32L4xx_HAL_Driver/stm32l4xx_hal_rcc.o
                                      0xdb642 (size before relaxing)
 .debug_str     0x00000000000dde14      0x3d7 Drivers/STM32L4xx_HAL_Driver/stm32l4xx_hal_rcc_ex.o
                                      0xdb797 (size before relaxing)

.comment        0x0000000000000000       0x6e
 .comment       0x0000000000000000       0x6e Application/User/gpio.o
                                         0x6f (size before relaxing)
 .comment       0x000000000000006e       0x6f Application/User/i2c.o
 .comment       0x000000000000006e       0x6f Application/User/main.o
 .comment       0x000000000000006e       0x6f Application/User/stm32l4xx_hal_msp.o
 .comment       0x000000000000006e       0x6f Application/User/stm32l4xx_it.o
 .comment       0x000000000000006e       0x6f Drivers/CMSIS/system_stm32l4xx.o
 .comment       0x000000000000006e       0x6f Drivers/STM32L4xx_HAL_Driver/stm32l4xx_hal.o
 .comment       0x000000000000006e       0x6f Drivers/STM32L4xx_HAL_Driver/stm32l4xx_hal_cortex.o
 .comment       0x000000000000006e       0x6f Drivers/STM32L4xx_HAL_Driver/stm32l4xx_hal_gpio.o
 .comment       0x000000000000006e       0x6f Drivers/STM32L4xx_HAL_Driver/stm32l4xx_hal_i2c.o
 .comment       0x000000000000006e       0x6f Drivers/STM32L4xx_HAL_Driver/stm32l4xx_hal_i2c_ex.o
 .comment       0x000000000000006e       0x6f Drivers/STM32L4xx_HAL_Driver/stm32l4xx_hal_pwr_ex.o
 .comment       0x000000000000006e       0x6f Drivers/STM32L4xx_HAL_Driver/stm32l4xx_hal_rcc.o
 .comment       0x000000000000006e       0x6f Drivers/STM32L4xx_HAL_Driver/stm32l4xx_hal_rcc_ex.o

.debug_frame    0x0000000000000000     0x13f0
 .debug_frame   0x0000000000000000       0x30 Application/User/gpio.o
 .debug_frame   0x0000000000000030       0x58 Application/User/i2c.o
 .debug_frame   0x0000000000000088       0x60 Application/User/main.o
 .debug_frame   0x00000000000000e8       0x2c Application/User/stm32l4xx_hal_msp.o
 .debug_frame   0x0000000000000114       0x2c Application/User/stm32l4xx_it.o
 .debug_frame   0x0000000000000140       0x3c Drivers/CMSIS/system_stm32l4xx.o
 .debug_frame   0x000000000000017c      0x210 Drivers/STM32L4xx_HAL_Driver/stm32l4xx_hal.o
 .debug_frame   0x000000000000038c      0x130 Drivers/STM32L4xx_HAL_Driver/stm32l4xx_hal_cortex.o
 .debug_frame   0x00000000000004bc       0xd8 Drivers/STM32L4xx_HAL_Driver/stm32l4xx_hal_gpio.o
 .debug_frame   0x0000000000000594      0x7b0 Drivers/STM32L4xx_HAL_Driver/stm32l4xx_hal_i2c.o
 .debug_frame   0x0000000000000d44       0x90 Drivers/STM32L4xx_HAL_Driver/stm32l4xx_hal_i2c_ex.o
 .debug_frame   0x0000000000000dd4      0x278 Drivers/STM32L4xx_HAL_Driver/stm32l4xx_hal_pwr_ex.o
 .debug_frame   0x000000000000104c      0x150 Drivers/STM32L4xx_HAL_Driver/stm32l4xx_hal_rcc.o
 .debug_frame   0x000000000000119c      0x228 Drivers/STM32L4xx_HAL_Driver/stm32l4xx_hal_rcc_ex.o
 .debug_frame   0x00000000000013c4       0x2c /Users/fabiomonteiro/dev/SystemWorkbench/SystemWorkbench.app/Contents/Eclipse/plugins/fr.ac6.mcu.externaltools.arm-none.macos64_1.13.0.201701121612/tools/compiler/bin/../lib/gcc/arm-none-eabi/5.4.1/../../../../arm-none-eabi/lib/armv7e-m/fpu/libc_nano.a(lib_a-init.o)

.debug_loc      0x0000000000000000     0x5d68
 .debug_loc     0x0000000000000000       0x4d Application/User/i2c.o
 .debug_loc     0x000000000000004d      0x177 Drivers/CMSIS/system_stm32l4xx.o
 .debug_loc     0x00000000000001c4       0xeb Drivers/STM32L4xx_HAL_Driver/stm32l4xx_hal.o
 .debug_loc     0x00000000000002af      0x4ab Drivers/STM32L4xx_HAL_Driver/stm32l4xx_hal_cortex.o
 .debug_loc     0x000000000000075a      0x2a2 Drivers/STM32L4xx_HAL_Driver/stm32l4xx_hal_gpio.o
 .debug_loc     0x00000000000009fc     0x33a8 Drivers/STM32L4xx_HAL_Driver/stm32l4xx_hal_i2c.o
 .debug_loc     0x0000000000003da4      0x1b8 Drivers/STM32L4xx_HAL_Driver/stm32l4xx_hal_i2c_ex.o
 .debug_loc     0x0000000000003f5c      0x5d4 Drivers/STM32L4xx_HAL_Driver/stm32l4xx_hal_pwr_ex.o
 .debug_loc     0x0000000000004530      0x685 Drivers/STM32L4xx_HAL_Driver/stm32l4xx_hal_rcc.o
 .debug_loc     0x0000000000004bb5     0x11b3 Drivers/STM32L4xx_HAL_Driver/stm32l4xx_hal_rcc_ex.o
