Archive member included to satisfy reference by file (symbol)

/Users/fabiomonteiro/dev/SystemWorkbench/SystemWorkbench.app/Contents/Eclipse/plugins/fr.ac6.mcu.externaltools.arm-none.macos64_1.13.0.201701121612/tools/compiler/bin/../lib/gcc/arm-none-eabi/5.4.1/../../../../arm-none-eabi/lib/armv7e-m/fpu/libc_nano.a(lib_a-exit.o)
                              /Users/fabiomonteiro/dev/SystemWorkbench/SystemWorkbench.app/Contents/Eclipse/plugins/fr.ac6.mcu.externaltools.arm-none.macos64_1.13.0.201701121612/tools/compiler/bin/../lib/gcc/arm-none-eabi/5.4.1/../../../../arm-none-eabi/lib/armv7e-m/fpu/crt0.o (exit)
/Users/fabiomonteiro/dev/SystemWorkbench/SystemWorkbench.app/Contents/Eclipse/plugins/fr.ac6.mcu.externaltools.arm-none.macos64_1.13.0.201701121612/tools/compiler/bin/../lib/gcc/arm-none-eabi/5.4.1/../../../../arm-none-eabi/lib/armv7e-m/fpu/libc_nano.a(lib_a-impure.o)
                              /Users/fabiomonteiro/dev/SystemWorkbench/SystemWorkbench.app/Contents/Eclipse/plugins/fr.ac6.mcu.externaltools.arm-none.macos64_1.13.0.201701121612/tools/compiler/bin/../lib/gcc/arm-none-eabi/5.4.1/../../../../arm-none-eabi/lib/armv7e-m/fpu/libc_nano.a(lib_a-exit.o) (_global_impure_ptr)
/Users/fabiomonteiro/dev/SystemWorkbench/SystemWorkbench.app/Contents/Eclipse/plugins/fr.ac6.mcu.externaltools.arm-none.macos64_1.13.0.201701121612/tools/compiler/bin/../lib/gcc/arm-none-eabi/5.4.1/../../../../arm-none-eabi/lib/armv7e-m/fpu/libc_nano.a(lib_a-init.o)
                              /Users/fabiomonteiro/dev/SystemWorkbench/SystemWorkbench.app/Contents/Eclipse/plugins/fr.ac6.mcu.externaltools.arm-none.macos64_1.13.0.201701121612/tools/compiler/bin/../lib/gcc/arm-none-eabi/5.4.1/../../../../arm-none-eabi/lib/armv7e-m/fpu/crt0.o (__libc_init_array)
/Users/fabiomonteiro/dev/SystemWorkbench/SystemWorkbench.app/Contents/Eclipse/plugins/fr.ac6.mcu.externaltools.arm-none.macos64_1.13.0.201701121612/tools/compiler/bin/../lib/gcc/arm-none-eabi/5.4.1/../../../../arm-none-eabi/lib/armv7e-m/fpu/libc_nano.a(lib_a-memset.o)
                              /Users/fabiomonteiro/dev/SystemWorkbench/SystemWorkbench.app/Contents/Eclipse/plugins/fr.ac6.mcu.externaltools.arm-none.macos64_1.13.0.201701121612/tools/compiler/bin/../lib/gcc/arm-none-eabi/5.4.1/../../../../arm-none-eabi/lib/armv7e-m/fpu/crt0.o (memset)
/Users/fabiomonteiro/dev/SystemWorkbench/SystemWorkbench.app/Contents/Eclipse/plugins/fr.ac6.mcu.externaltools.arm-none.macos64_1.13.0.201701121612/tools/compiler/bin/../lib/gcc/arm-none-eabi/5.4.1/../../../../arm-none-eabi/lib/armv7e-m/fpu/libnosys.a(_exit.o)
                              /Users/fabiomonteiro/dev/SystemWorkbench/SystemWorkbench.app/Contents/Eclipse/plugins/fr.ac6.mcu.externaltools.arm-none.macos64_1.13.0.201701121612/tools/compiler/bin/../lib/gcc/arm-none-eabi/5.4.1/../../../../arm-none-eabi/lib/armv7e-m/fpu/libc_nano.a(lib_a-exit.o) (_exit)

Allocating common symbols
Common symbol       size              file

hi2c1               0x4c              Application/User/i2c.o
uwTick              0x4               Drivers/STM32L4xx_HAL_Driver/stm32l4xx_hal.o
pFlash              0x20              Drivers/STM32L4xx_HAL_Driver/stm32l4xx_hal_flash.o
FRAM_ADDRESS        0x1               Application/User/main.o
ACC_ADDRESS         0x1               Application/User/main.o

Discarded input sections

 .text          0x0000000000000000        0x0 /Users/fabiomonteiro/dev/SystemWorkbench/SystemWorkbench.app/Contents/Eclipse/plugins/fr.ac6.mcu.externaltools.arm-none.macos64_1.13.0.201701121612/tools/compiler/bin/../lib/gcc/arm-none-eabi/5.4.1/armv7e-m/fpu/crti.o
 .data          0x0000000000000000        0x0 /Users/fabiomonteiro/dev/SystemWorkbench/SystemWorkbench.app/Contents/Eclipse/plugins/fr.ac6.mcu.externaltools.arm-none.macos64_1.13.0.201701121612/tools/compiler/bin/../lib/gcc/arm-none-eabi/5.4.1/armv7e-m/fpu/crti.o
 .bss           0x0000000000000000        0x0 /Users/fabiomonteiro/dev/SystemWorkbench/SystemWorkbench.app/Contents/Eclipse/plugins/fr.ac6.mcu.externaltools.arm-none.macos64_1.13.0.201701121612/tools/compiler/bin/../lib/gcc/arm-none-eabi/5.4.1/armv7e-m/fpu/crti.o
 .data          0x0000000000000000        0x4 /Users/fabiomonteiro/dev/SystemWorkbench/SystemWorkbench.app/Contents/Eclipse/plugins/fr.ac6.mcu.externaltools.arm-none.macos64_1.13.0.201701121612/tools/compiler/bin/../lib/gcc/arm-none-eabi/5.4.1/armv7e-m/fpu/crtbegin.o
 .text          0x0000000000000000       0x74 /Users/fabiomonteiro/dev/SystemWorkbench/SystemWorkbench.app/Contents/Eclipse/plugins/fr.ac6.mcu.externaltools.arm-none.macos64_1.13.0.201701121612/tools/compiler/bin/../lib/gcc/arm-none-eabi/5.4.1/../../../../arm-none-eabi/lib/armv7e-m/fpu/crt0.o
 .data          0x0000000000000000        0x0 /Users/fabiomonteiro/dev/SystemWorkbench/SystemWorkbench.app/Contents/Eclipse/plugins/fr.ac6.mcu.externaltools.arm-none.macos64_1.13.0.201701121612/tools/compiler/bin/../lib/gcc/arm-none-eabi/5.4.1/../../../../arm-none-eabi/lib/armv7e-m/fpu/crt0.o
[...]
Memory Configuration

Name             Origin             Length             Attributes
RAM              0x0000000020000000 0x0000000000018000 xrw
RAM2             0x0000000010000000 0x0000000000008000 xrw
FLASH            0x0000000008000000 0x0000000000100000 xr
*default*        0x0000000000000000 0xffffffffffffffff

Linker script and memory map

LOAD /Users/fabiomonteiro/dev/SystemWorkbench/SystemWorkbench.app/Contents/Eclipse/plugins/fr.ac6.mcu.externaltools.arm-none.macos64_1.13.0.201701121612/tools/compiler/bin/../lib/gcc/arm-none-eabi/5.4.1/armv7e-m/fpu/crti.o
LOAD /Users/fabiomonteiro/dev/SystemWorkbench/SystemWorkbench.app/Contents/Eclipse/plugins/fr.ac6.mcu.externaltools.arm-none.macos64_1.13.0.201701121612/tools/compiler/bin/../lib/gcc/arm-none-eabi/5.4.1/armv7e-m/fpu/crtbegin.o
LOAD /Users/fabiomonteiro/dev/SystemWorkbench/SystemWorkbench.app/Contents/Eclipse/plugins/fr.ac6.mcu.externaltools.arm-none.macos64_1.13.0.201701121612/tools/compiler/bin/../lib/gcc/arm-none-eabi/5.4.1/../../../../arm-none-eabi/lib/armv7e-m/fpu/crt0.o
LOAD /Users/fabiomonteiro/dev/SystemWorkbench/SystemWorkbench.app/Contents/Eclipse/plugins/fr.ac6.mcu.externaltools.arm-none.macos64_1.13.0.201701121612/tools/compiler/bin/../lib/gcc/arm-none-eabi/5.4.1/../../../../arm-none-eabi/lib/armv7e-m/fpu/libm.a
LOAD Application/SW4STM32/startup_stm32l476xx.o
LOAD Application/User/LIS2DH.o
LOAD Application/User/gpio.o
LOAD Application/User/i2c.o
LOAD Application/User/main.o
LOAD Application/User/stm32l4xx_hal_msp.o
LOAD Application/User/stm32l4xx_it.o
LOAD Drivers/CMSIS/system_stm32l4xx.o
LOAD Drivers/STM32L4xx_HAL_Driver/stm32l4xx_hal.o
LOAD Drivers/STM32L4xx_HAL_Driver/stm32l4xx_hal_cortex.o
LOAD Drivers/STM32L4xx_HAL_Driver/stm32l4xx_hal_dma.o
LOAD Drivers/STM32L4xx_HAL_Driver/stm32l4xx_hal_flash.o
LOAD Drivers/STM32L4xx_HAL_Driver/stm32l4xx_hal_flash_ex.o
LOAD Drivers/STM32L4xx_HAL_Driver/stm32l4xx_hal_flash_ramfunc.o
LOAD Drivers/STM32L4xx_HAL_Driver/stm32l4xx_hal_gpio.o
LOAD Drivers/STM32L4xx_HAL_Driver/stm32l4xx_hal_i2c.o
LOAD Drivers/STM32L4xx_HAL_Driver/stm32l4xx_hal_i2c_ex.o
LOAD Drivers/STM32L4xx_HAL_Driver/stm32l4xx_hal_pwr.o
LOAD Drivers/STM32L4xx_HAL_Driver/stm32l4xx_hal_pwr_ex.o
LOAD Drivers/STM32L4xx_HAL_Driver/stm32l4xx_hal_rcc.o
LOAD Drivers/STM32L4xx_HAL_Driver/stm32l4xx_hal_rcc_ex.o
LOAD Drivers/STM32L4xx_HAL_Driver/stm32l4xx_hal_tim.o
LOAD Drivers/STM32L4xx_HAL_Driver/stm32l4xx_hal_tim_ex.o
START GROUP
LOAD /Users/fabiomonteiro/dev/SystemWorkbench/SystemWorkbench.app/Contents/Eclipse/plugins/fr.ac6.mcu.externaltools.arm-none.macos64_1.13.0.201701121612/tools/compiler/bin/../lib/gcc/arm-none-eabi/5.4.1/armv7e-m/fpu/libgcc.a
LOAD /Users/fabiomonteiro/dev/SystemWorkbench/SystemWorkbench.app/Contents/Eclipse/plugins/fr.ac6.mcu.externaltools.arm-none.macos64_1.13.0.201701121612/tools/compiler/bin/../lib/gcc/arm-none-eabi/5.4.1/../../../../arm-none-eabi/lib/armv7e-m/fpu/libc_nano.a
END GROUP
START GROUP
LOAD /Users/fabiomonteiro/dev/SystemWorkbench/SystemWorkbench.app/Contents/Eclipse/plugins/fr.ac6.mcu.externaltools.arm-none.macos64_1.13.0.201701121612/tools/compiler/bin/../lib/gcc/arm-none-eabi/5.4.1/armv7e-m/fpu/libgcc.a
LOAD /Users/fabiomonteiro/dev/SystemWorkbench/SystemWorkbench.app/Contents/Eclipse/plugins/fr.ac6.mcu.externaltools.arm-none.macos64_1.13.0.201701121612/tools/compiler/bin/../lib/gcc/arm-none-eabi/5.4.1/../../../../arm-none-eabi/lib/armv7e-m/fpu/libc_nano.a
LOAD /Users/fabiomonteiro/dev/SystemWorkbench/SystemWorkbench.app/Contents/Eclipse/plugins/fr.ac6.mcu.externaltools.arm-none.macos64_1.13.0.201701121612/tools/compiler/bin/../lib/gcc/arm-none-eabi/5.4.1/../../../../arm-none-eabi/lib/armv7e-m/fpu/libnosys.a
END GROUP
START GROUP
LOAD /Users/fabiomonteiro/dev/SystemWorkbench/SystemWorkbench.app/Contents/Eclipse/plugins/fr.ac6.mcu.externaltools.arm-none.macos64_1.13.0.201701121612/tools/compiler/bin/../lib/gcc/arm-none-eabi/5.4.1/armv7e-m/fpu/libgcc.a
LOAD /Users/fabiomonteiro/dev/SystemWorkbench/SystemWorkbench.app/Contents/Eclipse/plugins/fr.ac6.mcu.externaltools.arm-none.macos64_1.13.0.201701121612/tools/compiler/bin/../lib/gcc/arm-none-eabi/5.4.1/../../../../arm-none-eabi/lib/armv7e-m/fpu/libc_nano.a
LOAD /Users/fabiomonteiro/dev/SystemWorkbench/SystemWorkbench.app/Contents/Eclipse/plugins/fr.ac6.mcu.externaltools.arm-none.macos64_1.13.0.201701121612/tools/compiler/bin/../lib/gcc/arm-none-eabi/5.4.1/../../../../arm-none-eabi/lib/armv7e-m/fpu/libnosys.a
END GROUP
LOAD /Users/fabiomonteiro/dev/SystemWorkbench/SystemWorkbench.app/Contents/Eclipse/plugins/fr.ac6.mcu.externaltools.arm-none.macos64_1.13.0.201701121612/tools/compiler/bin/../lib/gcc/arm-none-eabi/5.4.1/armv7e-m/fpu/crtend.o
LOAD /Users/fabiomonteiro/dev/SystemWorkbench/SystemWorkbench.app/Contents/Eclipse/plugins/fr.ac6.mcu.externaltools.arm-none.macos64_1.13.0.201701121612/tools/compiler/bin/../lib/gcc/arm-none-eabi/5.4.1/armv7e-m/fpu/crtn.o
                0x0000000020018000                _estack = 0x20018000
                0x0000000000000200                _Min_Heap_Size = 0x200
                0x0000000000000400                _Min_Stack_Size = 0x400

.isr_vector     0x0000000008000000      0x188
                0x0000000008000000                . = ALIGN (0x8)
 *(.isr_vector)
 .isr_vector    0x0000000008000000      0x188 Application/SW4STM32/startup_stm32l476xx.o
                0x0000000008000000                g_pfnVectors
                0x0000000008000188                . = ALIGN (0x8)

.text           0x0000000008000188     0x1b98
                0x0000000008000188                . = ALIGN (0x8)
 *(.text)
 .text          0x0000000008000188       0x5c /Users/fabiomonteiro/dev/SystemWorkbench/SystemWorkbench.app/Contents/Eclipse/plugins/fr.ac6.mcu.externaltools.arm-none.macos64_1.13.0.201701121612/tools/compiler/bin/../lib/gcc/arm-none-eabi/5.4.1/armv7e-m/fpu/crtbegin.o
 *(.text*)
 .text.Reset_Handler
                0x00000000080001e4       0x50 Application/SW4STM32/startup_stm32l476xx.o
                0x00000000080001e4                Reset_Handler
 .text.Default_Handler
                0x0000000008000234        0x2 Application/SW4STM32/startup_stm32l476xx.o
                0x0000000008000234                TIM1_BRK_TIM15_IRQHandler
                0x0000000008000234                EXTI2_IRQHandler
                0x0000000008000234                TIM8_TRG_COM_IRQHandler
                0x0000000008000234                TIM8_CC_IRQHandler
                0x0000000008000234                DebugMon_Handler
                0x0000000008000234                TIM1_CC_IRQHandler
                0x0000000008000234                TSC_IRQHandler
                0x0000000008000234                HardFault_Handler
                0x0000000008000234                TAMP_STAMP_IRQHandler
                0x0000000008000234                PendSV_Handler
                0x0000000008000234                NMI_Handler
                0x0000000008000234                EXTI3_IRQHandler
                0x0000000008000234                LPTIM2_IRQHandler
                0x0000000008000234                DFSDM1_FLT1_IRQHandler
                0x0000000008000234                I2C3_ER_IRQHandler
                0x0000000008000234                DFSDM1_FLT2_IRQHandler
                0x0000000008000234                EXTI0_IRQHandler
                0x0000000008000234                I2C2_EV_IRQHandler
                0x0000000008000234                CAN1_RX0_IRQHandler
                0x0000000008000234                FPU_IRQHandler
                0x0000000008000234                TIM1_UP_TIM16_IRQHandler
                0x0000000008000234                UsageFault_Handler
                0x0000000008000234                ADC1_2_IRQHandler
                0x0000000008000234                SPI1_IRQHandler
                0x0000000008000234                TIM6_DAC_IRQHandler
                0x0000000008000234                TIM8_UP_IRQHandler
                0x0000000008000234                DMA2_Channel2_IRQHandler
                0x0000000008000234                DMA1_Channel4_IRQHandler
                0x0000000008000234                SAI2_IRQHandler
                0x0000000008000234                DFSDM1_FLT3_IRQHandler
                0x0000000008000234                USART3_IRQHandler
                0x0000000008000234                DMA1_Channel7_IRQHandler
                0x0000000008000234                CAN1_RX1_IRQHandler
                0x0000000008000234                LCD_IRQHandler
                0x0000000008000234                UART5_IRQHandler
                0x0000000008000234                ADC3_IRQHandler
                0x0000000008000234                TIM4_IRQHandler
                0x0000000008000234                DMA2_Channel1_IRQHandler
                0x0000000008000234                QUADSPI_IRQHandler
                0x0000000008000234                I2C1_EV_IRQHandler
                0x0000000008000234                DMA1_Channel6_IRQHandler
                0x0000000008000234                UART4_IRQHandler
                0x0000000008000234                DMA2_Channel4_IRQHandler
                0x0000000008000234                TIM3_IRQHandler
                0x0000000008000234                RCC_IRQHandler
                0x0000000008000234                DMA1_Channel1_IRQHandler
                0x0000000008000234                Default_Handler
                0x0000000008000234                DMA2_Channel7_IRQHandler
                0x0000000008000234                EXTI15_10_IRQHandler
                0x0000000008000234                TIM7_IRQHandler
                0x0000000008000234                SDMMC1_IRQHandler
                0x0000000008000234                TIM5_IRQHandler
                0x0000000008000234                I2C3_EV_IRQHandler
                0x0000000008000234                EXTI9_5_IRQHandler
                0x0000000008000234                RTC_WKUP_IRQHandler
                0x0000000008000234                PVD_PVM_IRQHandler
                0x0000000008000234                SPI2_IRQHandler
                0x0000000008000234                MemManage_Handler
                0x0000000008000234                CAN1_TX_IRQHandler
                0x0000000008000234                SVC_Handler
                0x0000000008000234                DMA2_Channel5_IRQHandler
                0x0000000008000234                DMA1_Channel5_IRQHandler
                0x0000000008000234                EXTI4_IRQHandler
                0x0000000008000234                RNG_IRQHandler
                0x0000000008000234                TIM1_TRG_COM_TIM17_IRQHandler
                0x0000000008000234                DMA1_Channel3_IRQHandler
                0x0000000008000234                COMP_IRQHandler
                0x0000000008000234                WWDG_IRQHandler
                0x0000000008000234                LPUART1_IRQHandler
                0x0000000008000234                DMA2_Channel6_IRQHandler
                0x0000000008000234                TIM2_IRQHandler
                0x0000000008000234                EXTI1_IRQHandler
                0x0000000008000234                USART2_IRQHandler
                0x0000000008000234                DFSDM1_FLT0_IRQHandler
                0x0000000008000234                I2C2_ER_IRQHandler
                0x0000000008000234                DMA1_Channel2_IRQHandler
                0x0000000008000234                TIM8_BRK_IRQHandler
                0x0000000008000234                CAN1_SCE_IRQHandler
                0x0000000008000234                FLASH_IRQHandler
                0x0000000008000234                BusFault_Handler
                0x0000000008000234                USART1_IRQHandler
                0x0000000008000234                OTG_FS_IRQHandler
                0x0000000008000234                SPI3_IRQHandler
                0x0000000008000234                I2C1_ER_IRQHandler
                0x0000000008000234                FMC_IRQHandler
                0x0000000008000234                SWPMI1_IRQHandler
                0x0000000008000234                LPTIM1_IRQHandler
                0x0000000008000234                SAI1_IRQHandler
                0x0000000008000234                DMA2_Channel3_IRQHandler
                0x0000000008000234                RTC_Alarm_IRQHandler
 *fill*         0x0000000008000236        0x2 
 .text.MX_GPIO_Init
                0x0000000008000238       0xb4 Application/User/gpio.o
                0x0000000008000238                MX_GPIO_Init
 .text.MX_I2C1_Init
                0x00000000080002ec       0x4c Application/User/i2c.o
                0x00000000080002ec                MX_I2C1_Init
 .text.HAL_I2C_MspInit
                0x0000000008000338       0x50 Application/User/i2c.o
                0x0000000008000338                HAL_I2C_MspInit
 .text.SystemClock_Config
                0x0000000008000388       0x8e Application/User/main.o
                0x0000000008000388                SystemClock_Config
 *fill*         0x0000000008000416        0x2 
 .text.startup.main
                0x0000000008000418       0x6c Application/User/main.o
                0x0000000008000418                main
 .text.Error_Handler
                0x0000000008000484        0x2 Application/User/main.o
                0x0000000008000484                Error_Handler
 *fill*         0x0000000008000486        0x2 
 .text.HAL_MspInit
                0x0000000008000488       0x8c Application/User/stm32l4xx_hal_msp.o
                0x0000000008000488                HAL_MspInit
 .text.SysTick_Handler
                0x0000000008000514        0xe Application/User/stm32l4xx_it.o
                0x0000000008000514                SysTick_Handler
 *fill*         0x0000000008000522        0x2 
 .text.SystemInit
                0x0000000008000524       0x48 Drivers/CMSIS/system_stm32l4xx.o
                0x0000000008000524                SystemInit
 .text.HAL_InitTick
                0x000000000800056c       0x28 Drivers/STM32L4xx_HAL_Driver/stm32l4xx_hal.o
                0x000000000800056c                HAL_InitTick
 .text.HAL_Init
                0x0000000008000594       0x24 Drivers/STM32L4xx_HAL_Driver/stm32l4xx_hal.o
                0x0000000008000594                HAL_Init
 .text.HAL_IncTick
                0x00000000080005b8       0x10 Drivers/STM32L4xx_HAL_Driver/stm32l4xx_hal.o
                0x00000000080005b8                HAL_IncTick
 .text.HAL_GetTick
                0x00000000080005c8        0xc Drivers/STM32L4xx_HAL_Driver/stm32l4xx_hal.o
                0x00000000080005c8                HAL_GetTick
 .text.HAL_NVIC_SetPriorityGrouping
                0x00000000080005d4       0x24 Drivers/STM32L4xx_HAL_Driver/stm32l4xx_hal_cortex.o
                0x00000000080005d4                HAL_NVIC_SetPriorityGrouping
 .text.HAL_NVIC_SetPriority
                0x00000000080005f8       0x68 Drivers/STM32L4xx_HAL_Driver/stm32l4xx_hal_cortex.o
                0x00000000080005f8                HAL_NVIC_SetPriority
 .text.HAL_SYSTICK_Config
                0x0000000008000660       0x2c Drivers/STM32L4xx_HAL_Driver/stm32l4xx_hal_cortex.o
                0x0000000008000660                HAL_SYSTICK_Config
 .text.HAL_SYSTICK_CLKSourceConfig
                0x000000000800068c       0x18 Drivers/STM32L4xx_HAL_Driver/stm32l4xx_hal_cortex.o
                0x000000000800068c                HAL_SYSTICK_CLKSourceConfig
 .text.HAL_SYSTICK_Callback
                0x00000000080006a4        0x2 Drivers/STM32L4xx_HAL_Driver/stm32l4xx_hal_cortex.o
                0x00000000080006a4                HAL_SYSTICK_Callback
 .text.HAL_SYSTICK_IRQHandler
                0x00000000080006a6        0x8 Drivers/STM32L4xx_HAL_Driver/stm32l4xx_hal_cortex.o
                0x00000000080006a6                HAL_SYSTICK_IRQHandler
 *fill*         0x00000000080006ae        0x2 
 .text.HAL_GPIO_Init
                0x00000000080006b0      0x1bc Drivers/STM32L4xx_HAL_Driver/stm32l4xx_hal_gpio.o
                0x00000000080006b0                HAL_GPIO_Init
 .text.HAL_GPIO_WritePin
                0x000000000800086c        0xa Drivers/STM32L4xx_HAL_Driver/stm32l4xx_hal_gpio.o
                0x000000000800086c                HAL_GPIO_WritePin
 .text.I2C_Flush_TXDR
                0x0000000008000876       0x1c Drivers/STM32L4xx_HAL_Driver/stm32l4xx_hal_i2c.o
 *fill*         0x0000000008000892        0x2 
 .text.I2C_TransferConfig
                0x0000000008000894       0x24 Drivers/STM32L4xx_HAL_Driver/stm32l4xx_hal_i2c.o
 .text.I2C_WaitOnFlagUntilTimeout
                0x00000000080008b8       0x4e Drivers/STM32L4xx_HAL_Driver/stm32l4xx_hal_i2c.o
 *fill*         0x0000000008000906        0x2 
 .text.I2C_IsAcknowledgeFailed
                0x0000000008000908       0x74 Drivers/STM32L4xx_HAL_Driver/stm32l4xx_hal_i2c.o
 .text.I2C_WaitOnTXISFlagUntilTimeout
                0x000000000800097c       0x52 Drivers/STM32L4xx_HAL_Driver/stm32l4xx_hal_i2c.o
 .text.I2C_RequestMemoryRead
                0x00000000080009ce       0x66 Drivers/STM32L4xx_HAL_Driver/stm32l4xx_hal_i2c.o
 .text.I2C_WaitOnSTOPFlagUntilTimeout
                0x0000000008000a34       0x4e Drivers/STM32L4xx_HAL_Driver/stm32l4xx_hal_i2c.o
 .text.HAL_I2C_Init
                0x0000000008000a82       0xa2 Drivers/STM32L4xx_HAL_Driver/stm32l4xx_hal_i2c.o
                0x0000000008000a82                HAL_I2C_Init
 .text.HAL_I2C_Mem_Read
                0x0000000008000b24      0x178 Drivers/STM32L4xx_HAL_Driver/stm32l4xx_hal_i2c.o
                0x0000000008000b24                HAL_I2C_Mem_Read
 .text.HAL_I2C_IsDeviceReady
                0x0000000008000c9c      0x10e Drivers/STM32L4xx_HAL_Driver/stm32l4xx_hal_i2c.o
                0x0000000008000c9c                HAL_I2C_IsDeviceReady
 .text.HAL_I2CEx_ConfigAnalogFilter
                0x0000000008000daa       0x4c Drivers/STM32L4xx_HAL_Driver/stm32l4xx_hal_i2c_ex.o
                0x0000000008000daa                HAL_I2CEx_ConfigAnalogFilter
 *fill*         0x0000000008000df6        0x2 
 .text.HAL_PWREx_GetVoltageRange
                0x0000000008000df8       0x10 Drivers/STM32L4xx_HAL_Driver/stm32l4xx_hal_pwr_ex.o
                0x0000000008000df8                HAL_PWREx_GetVoltageRange
 .text.HAL_PWREx_ControlVoltageScaling
                0x0000000008000e08       0x6c Drivers/STM32L4xx_HAL_Driver/stm32l4xx_hal_pwr_ex.o
                0x0000000008000e08                HAL_PWREx_ControlVoltageScaling
 .text.RCC_SetFlashLatencyFromMSIRange
                0x0000000008000e74       0x84 Drivers/STM32L4xx_HAL_Driver/stm32l4xx_hal_rcc.o
 .text.HAL_RCC_GetSysClockFreq
                0x0000000008000ef8      0x13c Drivers/STM32L4xx_HAL_Driver/stm32l4xx_hal_rcc.o
                0x0000000008000ef8                HAL_RCC_GetSysClockFreq
 .text.HAL_RCC_OscConfig
                0x0000000008001034      0x48c Drivers/STM32L4xx_HAL_Driver/stm32l4xx_hal_rcc.o
                0x0000000008001034                HAL_RCC_OscConfig
 .text.HAL_RCC_ClockConfig
                0x00000000080014c0      0x170 Drivers/STM32L4xx_HAL_Driver/stm32l4xx_hal_rcc.o
                0x00000000080014c0                HAL_RCC_ClockConfig
 .text.HAL_RCC_GetHCLKFreq
                0x0000000008001630        0xc Drivers/STM32L4xx_HAL_Driver/stm32l4xx_hal_rcc.o
                0x0000000008001630                HAL_RCC_GetHCLKFreq
 .text.RCCEx_PLLSAI1_Config
                0x000000000800163c      0x170 Drivers/STM32L4xx_HAL_Driver/stm32l4xx_hal_rcc_ex.o
 .text.RCCEx_PLLSAI2_Config
                0x00000000080017ac      0x140 Drivers/STM32L4xx_HAL_Driver/stm32l4xx_hal_rcc_ex.o
 .text.HAL_RCCEx_PeriphCLKConfig
                0x00000000080018ec      0x3cc Drivers/STM32L4xx_HAL_Driver/stm32l4xx_hal_rcc_ex.o
                0x00000000080018ec                HAL_RCCEx_PeriphCLKConfig
 .text.__libc_init_array
                0x0000000008001cb8       0x4c /Users/fabiomonteiro/dev/SystemWorkbench/SystemWorkbench.app/Contents/Eclipse/plugins/fr.ac6.mcu.externaltools.arm-none.macos64_1.13.0.201701121612/tools/compiler/bin/../lib/gcc/arm-none-eabi/5.4.1/../../../../arm-none-eabi/lib/armv7e-m/fpu/libc_nano.a(lib_a-init.o)
                0x0000000008001cb8                __libc_init_array
 *(.glue_7)
 .glue_7        0x0000000008001d04        0x0 linker stubs
 *(.glue_7t)
 .glue_7t       0x0000000008001d04        0x0 linker stubs
 *(.eh_frame)
 .eh_frame      0x0000000008001d04        0x0 /Users/fabiomonteiro/dev/SystemWorkbench/SystemWorkbench.app/Contents/Eclipse/plugins/fr.ac6.mcu.externaltools.arm-none.macos64_1.13.0.201701121612/tools/compiler/bin/../lib/gcc/arm-none-eabi/5.4.1/armv7e-m/fpu/crtbegin.o
 *(.init)
 .init          0x0000000008001d04        0x4 /Users/fabiomonteiro/dev/SystemWorkbench/SystemWorkbench.app/Contents/Eclipse/plugins/fr.ac6.mcu.externaltools.arm-none.macos64_1.13.0.201701121612/tools/compiler/bin/../lib/gcc/arm-none-eabi/5.4.1/armv7e-m/fpu/crti.o
                0x0000000008001d04                _init
 .init          0x0000000008001d08        0x8 /Users/fabiomonteiro/dev/SystemWorkbench/SystemWorkbench.app/Contents/Eclipse/plugins/fr.ac6.mcu.externaltools.arm-none.macos64_1.13.0.201701121612/tools/compiler/bin/../lib/gcc/arm-none-eabi/5.4.1/armv7e-m/fpu/crtn.o
 *(.fini)
 .fini          0x0000000008001d10        0x4 /Users/fabiomonteiro/dev/SystemWorkbench/SystemWorkbench.app/Contents/Eclipse/plugins/fr.ac6.mcu.externaltools.arm-none.macos64_1.13.0.201701121612/tools/compiler/bin/../lib/gcc/arm-none-eabi/5.4.1/armv7e-m/fpu/crti.o
                0x0000000008001d10                _fini
 .fini          0x0000000008001d14        0x8 /Users/fabiomonteiro/dev/SystemWorkbench/SystemWorkbench.app/Contents/Eclipse/plugins/fr.ac6.mcu.externaltools.arm-none.macos64_1.13.0.201701121612/tools/compiler/bin/../lib/gcc/arm-none-eabi/5.4.1/armv7e-m/fpu/crtn.o
                0x0000000008001d20                . = ALIGN (0x8)
 *fill*         0x0000000008001d1c        0x4 
                0x0000000008001d20                _etext = .

.vfp11_veneer   0x0000000008001d20        0x0
 .vfp11_veneer  0x0000000008001d20        0x0 linker stubs

.v4_bx          0x0000000008001d20        0x0
 .v4_bx         0x0000000008001d20        0x0 linker stubs

.iplt           0x0000000008001d20        0x0
 .iplt          0x0000000008001d20        0x0 /Users/fabiomonteiro/dev/SystemWorkbench/SystemWorkbench.app/Contents/Eclipse/plugins/fr.ac6.mcu.externaltools.arm-none.macos64_1.13.0.201701121612/tools/compiler/bin/../lib/gcc/arm-none-eabi/5.4.1/armv7e-m/fpu/crtbegin.o

.rodata         0x0000000008001d20       0x48
                0x0000000008001d20                . = ALIGN (0x8)
 *(.rodata)
 .rodata        0x0000000008001d20       0x48 Drivers/CMSIS/system_stm32l4xx.o
                0x0000000008001d20                MSIRangeTable
                0x0000000008001d50                AHBPrescTable
                0x0000000008001d60                APBPrescTable
 *(.rodata*)
                0x0000000008001d68                . = ALIGN (0x8)

.rel.dyn        0x0000000008001d68        0x0
 .rel.iplt      0x0000000008001d68        0x0 /Users/fabiomonteiro/dev/SystemWorkbench/SystemWorkbench.app/Contents/Eclipse/plugins/fr.ac6.mcu.externaltools.arm-none.macos64_1.13.0.201701121612/tools/compiler/bin/../lib/gcc/arm-none-eabi/5.4.1/armv7e-m/fpu/crtbegin.o

.ARM.extab      0x0000000008001d68        0x0
                0x0000000008001d68                . = ALIGN (0x8)
 *(.ARM.extab* .gnu.linkonce.armextab.*)
                0x0000000008001d68                . = ALIGN (0x8)

.ARM            0x0000000008001d68        0x0
                0x0000000008001d68                . = ALIGN (0x8)
                0x0000000008001d68                __exidx_start = .
 *(.ARM.exidx*)
                0x0000000008001d68                __exidx_end = .
                0x0000000008001d68                . = ALIGN (0x8)

.preinit_array  0x0000000008001d68        0x0
                0x0000000008001d68                . = ALIGN (0x8)
                0x0000000008001d68                PROVIDE (__preinit_array_start, .)
 *(.preinit_array*)
                0x0000000008001d68                PROVIDE (__preinit_array_end, .)
                0x0000000008001d68                . = ALIGN (0x8)

.init_array     0x0000000008001d68        0x8
                0x0000000008001d68                . = ALIGN (0x8)
                0x0000000008001d68                PROVIDE (__init_array_start, .)
 *(SORT(.init_array.*))
 *(.init_array*)
 .init_array    0x0000000008001d68        0x4 /Users/fabiomonteiro/dev/SystemWorkbench/SystemWorkbench.app/Contents/Eclipse/plugins/fr.ac6.mcu.externaltools.arm-none.macos64_1.13.0.201701121612/tools/compiler/bin/../lib/gcc/arm-none-eabi/5.4.1/armv7e-m/fpu/crtbegin.o
                0x0000000008001d6c                PROVIDE (__init_array_end, .)
                0x0000000008001d70                . = ALIGN (0x8)
 *fill*         0x0000000008001d6c        0x4 

.fini_array     0x0000000008001d70        0x8
                0x0000000008001d70                . = ALIGN (0x8)
                [!provide]                        PROVIDE (__fini_array_start, .)
 *(SORT(.fini_array.*))
 *(.fini_array*)
 .fini_array    0x0000000008001d70        0x4 /Users/fabiomonteiro/dev/SystemWorkbench/SystemWorkbench.app/Contents/Eclipse/plugins/fr.ac6.mcu.externaltools.arm-none.macos64_1.13.0.201701121612/tools/compiler/bin/../lib/gcc/arm-none-eabi/5.4.1/armv7e-m/fpu/crtbegin.o
                [!provide]                        PROVIDE (__fini_array_end, .)
                0x0000000008001d78                . = ALIGN (0x8)
 *fill*         0x0000000008001d74        0x4 
                0x0000000008001d78                _sidata = LOADADDR (.data)

.data           0x0000000020000000        0x8 load address 0x0000000008001d78
                0x0000000020000000                . = ALIGN (0x8)
                0x0000000020000000                _sdata = .
 *(.data)
 .data          0x0000000020000000        0x1 Application/User/main.o
                0x0000000020000000                boot_check
 *fill*         0x0000000020000001        0x3 
 .data          0x0000000020000004        0x4 Drivers/CMSIS/system_stm32l4xx.o
                0x0000000020000004                SystemCoreClock
 *(.data*)
                0x0000000020000008                . = ALIGN (0x8)
                0x0000000020000008                _edata = .

.jcr            0x0000000020000008        0x0 load address 0x0000000008001d80
 .jcr           0x0000000020000008        0x0 /Users/fabiomonteiro/dev/SystemWorkbench/SystemWorkbench.app/Contents/Eclipse/plugins/fr.ac6.mcu.externaltools.arm-none.macos64_1.13.0.201701121612/tools/compiler/bin/../lib/gcc/arm-none-eabi/5.4.1/armv7e-m/fpu/crtbegin.o

.igot.plt       0x0000000020000008        0x0 load address 0x0000000008001d80
 .igot.plt      0x0000000020000008        0x0 /Users/fabiomonteiro/dev/SystemWorkbench/SystemWorkbench.app/Contents/Eclipse/plugins/fr.ac6.mcu.externaltools.arm-none.macos64_1.13.0.201701121612/tools/compiler/bin/../lib/gcc/arm-none-eabi/5.4.1/armv7e-m/fpu/crtbegin.o
                0x0000000020000008                . = ALIGN (0x4)

.bss            0x0000000020000008       0x70 load address 0x0000000008001d80
                0x0000000020000008                _sbss = .
                0x0000000020000008                __bss_start__ = _sbss
 *(.bss)
 .bss           0x0000000020000008       0x1c /Users/fabiomonteiro/dev/SystemWorkbench/SystemWorkbench.app/Contents/Eclipse/plugins/fr.ac6.mcu.externaltools.arm-none.macos64_1.13.0.201701121612/tools/compiler/bin/../lib/gcc/arm-none-eabi/5.4.1/armv7e-m/fpu/crtbegin.o
 *(.bss*)
 *(COMMON)
 COMMON         0x0000000020000024       0x4c Application/User/i2c.o
                0x0000000020000024                hi2c1
 COMMON         0x0000000020000070        0x2 Application/User/main.o
                0x0000000020000070                FRAM_ADDRESS
                0x0000000020000071                ACC_ADDRESS
 *fill*         0x0000000020000072        0x2 
 COMMON         0x0000000020000074        0x4 Drivers/STM32L4xx_HAL_Driver/stm32l4xx_hal.o
                0x0000000020000074                uwTick
                0x0000000020000078                . = ALIGN (0x4)
                0x0000000020000078                _ebss = .
                0x0000000020000078                __bss_end__ = _ebss

._user_heap_stack
                0x0000000020000078      0x600 load address 0x0000000008001d80
                0x0000000020000078                . = ALIGN (0x8)
                [!provide]                        PROVIDE (end, .)
                [!provide]                        PROVIDE (_end, .)
                0x0000000020000278                . = (. + _Min_Heap_Size)
 *fill*         0x0000000020000078      0x200 
                0x0000000020000678                . = (. + _Min_Stack_Size)
 *fill*         0x0000000020000278      0x400 
                0x0000000020000678                . = ALIGN (0x8)

/DISCARD/
 libc.a(*)
 libm.a(*)
 libgcc.a(*)

.ARM.attributes
                0x0000000000000000       0x30
 *(.ARM.attributes)
 .ARM.attributes
                0x0000000000000000       0x22 /Users/fabiomonteiro/dev/SystemWorkbench/SystemWorkbench.app/Contents/Eclipse/plugins/fr.ac6.mcu.externaltools.arm-none.macos64_1.13.0.201701121612/tools/compiler/bin/../lib/gcc/arm-none-eabi/5.4.1/armv7e-m/fpu/crti.o
 .ARM.attributes
                0x0000000000000022       0x34 /Users/fabiomonteiro/dev/SystemWorkbench/SystemWorkbench.app/Contents/Eclipse/plugins/fr.ac6.mcu.externaltools.arm-none.macos64_1.13.0.201701121612/tools/compiler/bin/../lib/gcc/arm-none-eabi/5.4.1/armv7e-m/fpu/crtbegin.o
 .ARM.attributes
                0x0000000000000056       0x21 Application/SW4STM32/startup_stm32l476xx.o
 .ARM.attributes
                0x0000000000000077       0x39 Application/User/gpio.o
 .ARM.attributes
                0x00000000000000b0       0x39 Application/User/i2c.o
 .ARM.attributes
                0x00000000000000e9       0x39 Application/User/main.o
 .ARM.attributes
                0x0000000000000122       0x39 Application/User/stm32l4xx_hal_msp.o
 .ARM.attributes
                0x000000000000015b       0x39 Application/User/stm32l4xx_it.o
 .ARM.attributes
                0x0000000000000194       0x39 Drivers/CMSIS/system_stm32l4xx.o
 .ARM.attributes
                0x00000000000001cd       0x39 Drivers/STM32L4xx_HAL_Driver/stm32l4xx_hal.o
 .ARM.attributes
                0x0000000000000206       0x39 Drivers/STM32L4xx_HAL_Driver/stm32l4xx_hal_cortex.o
 .ARM.attributes
                0x000000000000023f       0x39 Drivers/STM32L4xx_HAL_Driver/stm32l4xx_hal_gpio.o
 .ARM.attributes
                0x0000000000000278       0x39 Drivers/STM32L4xx_HAL_Driver/stm32l4xx_hal_i2c.o
 .ARM.attributes
                0x00000000000002b1       0x39 Drivers/STM32L4xx_HAL_Driver/stm32l4xx_hal_i2c_ex.o
 .ARM.attributes
                0x00000000000002ea       0x39 Drivers/STM32L4xx_HAL_Driver/stm32l4xx_hal_pwr_ex.o
 .ARM.attributes
                0x0000000000000323       0x39 Drivers/STM32L4xx_HAL_Driver/stm32l4xx_hal_rcc.o
 .ARM.attributes
                0x000000000000035c       0x39 Drivers/STM32L4xx_HAL_Driver/stm32l4xx_hal_rcc_ex.o
 .ARM.attributes
                0x0000000000000395       0x34 /Users/fabiomonteiro/dev/SystemWorkbench/SystemWorkbench.app/Contents/Eclipse/plugins/fr.ac6.mcu.externaltools.arm-none.macos64_1.13.0.201701121612/tools/compiler/bin/../lib/gcc/arm-none-eabi/5.4.1/../../../../arm-none-eabi/lib/armv7e-m/fpu/libc_nano.a(lib_a-init.o)
 .ARM.attributes
                0x00000000000003c9       0x22 /Users/fabiomonteiro/dev/SystemWorkbench/SystemWorkbench.app/Contents/Eclipse/plugins/fr.ac6.mcu.externaltools.arm-none.macos64_1.13.0.201701121612/tools/compiler/bin/../lib/gcc/arm-none-eabi/5.4.1/armv7e-m/fpu/crtn.o
OUTPUT(STM32-I2C.elf elf32-littlearm)

.debug_line     0x0000000000000000     0xa5c9
 .debug_line    0x0000000000000000       0xb6 Application/SW4STM32/startup_stm32l476xx.o
 .debug_line    0x00000000000000b6      0x90d Application/User/gpio.o
 .debug_line    0x00000000000009c3      0x931 Application/User/i2c.o
 .debug_line    0x00000000000012f4      0x94b Application/User/main.o
 .debug_line    0x0000000000001c3f      0x8f7 Application/User/stm32l4xx_hal_msp.o
 .debug_line    0x0000000000002536      0x8f8 Application/User/stm32l4xx_it.o
 .debug_line    0x0000000000002e2e      0x923 Drivers/CMSIS/system_stm32l4xx.o
 .debug_line    0x0000000000003751      0xafd Drivers/STM32L4xx_HAL_Driver/stm32l4xx_hal.o
 .debug_line    0x000000000000424e      0xaee Drivers/STM32L4xx_HAL_Driver/stm32l4xx_hal_cortex.o
 .debug_line    0x0000000000004d3c      0xaab Drivers/STM32L4xx_HAL_Driver/stm32l4xx_hal_gpio.o
 .debug_line    0x00000000000057e7     0x1b60 Drivers/STM32L4xx_HAL_Driver/stm32l4xx_hal_i2c.o
 .debug_line    0x0000000000007347      0xa2f Drivers/STM32L4xx_HAL_Driver/stm32l4xx_hal_i2c_ex.o
 .debug_line    0x0000000000007d76      0xc58 Drivers/STM32L4xx_HAL_Driver/stm32l4xx_hal_pwr_ex.o
 .debug_line    0x00000000000089ce      0xcdd Drivers/STM32L4xx_HAL_Driver/stm32l4xx_hal_rcc.o
 .debug_line    0x00000000000096ab      0xf1e Drivers/STM32L4xx_HAL_Driver/stm32l4xx_hal_rcc_ex.o

.debug_info     0x0000000000000000     0xb715
 .debug_info    0x0000000000000000       0xce Application/SW4STM32/startup_stm32l476xx.o
 .debug_info    0x00000000000000ce      0x52c Application/User/gpio.o
 .debug_info    0x00000000000005fa      0xa4d Application/User/i2c.o
 .debug_info    0x0000000000001047      0xdb8 Application/User/main.o
 .debug_info    0x0000000000001dff      0x632 Application/User/stm32l4xx_hal_msp.o
 .debug_info    0x0000000000002431       0xec Application/User/stm32l4xx_it.o
 .debug_info    0x000000000000251d      0x5b2 Drivers/CMSIS/system_stm32l4xx.o
 .debug_info    0x0000000000002acf      0xb43 Drivers/STM32L4xx_HAL_Driver/stm32l4xx_hal.o
 .debug_info    0x0000000000003612      0xe89 Drivers/STM32L4xx_HAL_Driver/stm32l4xx_hal_cortex.o
 .debug_info    0x000000000000449b      0x7ef Drivers/STM32L4xx_HAL_Driver/stm32l4xx_hal_gpio.o
 .debug_info    0x0000000000004c8a     0x2f6d Drivers/STM32L4xx_HAL_Driver/stm32l4xx_hal_i2c.o
 .debug_info    0x0000000000007bf7      0x9c4 Drivers/STM32L4xx_HAL_Driver/stm32l4xx_hal_i2c_ex.o
 .debug_info    0x00000000000085bb      0xa06 Drivers/STM32L4xx_HAL_Driver/stm32l4xx_hal_pwr_ex.o
 .debug_info    0x0000000000008fc1     0x10e9 Drivers/STM32L4xx_HAL_Driver/stm32l4xx_hal_rcc.o
 .debug_info    0x000000000000a0aa     0x166b Drivers/STM32L4xx_HAL_Driver/stm32l4xx_hal_rcc_ex.o

.debug_abbrev   0x0000000000000000     0x1b76
 .debug_abbrev  0x0000000000000000       0x12 Application/SW4STM32/startup_stm32l476xx.o
 .debug_abbrev  0x0000000000000012      0x151 Application/User/gpio.o
 .debug_abbrev  0x0000000000000163      0x1da Application/User/i2c.o
 .debug_abbrev  0x000000000000033d      0x1fa Application/User/main.o
 .debug_abbrev  0x0000000000000537      0x112 Application/User/stm32l4xx_hal_msp.o
 .debug_abbrev  0x0000000000000649       0x96 Application/User/stm32l4xx_it.o
 .debug_abbrev  0x00000000000006df      0x125 Drivers/CMSIS/system_stm32l4xx.o
 .debug_abbrev  0x0000000000000804      0x1fb Drivers/STM32L4xx_HAL_Driver/stm32l4xx_hal.o
 .debug_abbrev  0x00000000000009ff      0x316 Drivers/STM32L4xx_HAL_Driver/stm32l4xx_hal_cortex.o
 .debug_abbrev  0x0000000000000d15      0x1cb Drivers/STM32L4xx_HAL_Driver/stm32l4xx_hal_gpio.o
 .debug_abbrev  0x0000000000000ee0      0x31a Drivers/STM32L4xx_HAL_Driver/stm32l4xx_hal_i2c.o
 .debug_abbrev  0x00000000000011fa      0x183 Drivers/STM32L4xx_HAL_Driver/stm32l4xx_hal_i2c_ex.o
 .debug_abbrev  0x000000000000137d      0x25f Drivers/STM32L4xx_HAL_Driver/stm32l4xx_hal_pwr_ex.o
 .debug_abbrev  0x00000000000015dc      0x2cd Drivers/STM32L4xx_HAL_Driver/stm32l4xx_hal_rcc.o
 .debug_abbrev  0x00000000000018a9      0x2cd Drivers/STM32L4xx_HAL_Driver/stm32l4xx_hal_rcc_ex.o

.debug_aranges  0x0000000000000000      0x7b0
 .debug_aranges
                0x0000000000000000       0x28 Application/SW4STM32/startup_stm32l476xx.o
 .debug_aranges
                0x0000000000000028       0x20 Application/User/gpio.o
 .debug_aranges
                0x0000000000000048       0x30 Application/User/i2c.o
 .debug_aranges
                0x0000000000000078       0x30 Application/User/main.o
 .debug_aranges
                0x00000000000000a8       0x20 Application/User/stm32l4xx_hal_msp.o
 .debug_aranges
                0x00000000000000c8       0x20 Application/User/stm32l4xx_it.o
 .debug_aranges
                0x00000000000000e8       0x28 Drivers/CMSIS/system_stm32l4xx.o
 .debug_aranges
                0x0000000000000110       0xf8 Drivers/STM32L4xx_HAL_Driver/stm32l4xx_hal.o
 .debug_aranges
                0x0000000000000208       0x98 Drivers/STM32L4xx_HAL_Driver/stm32l4xx_hal_cortex.o
 .debug_aranges
                0x00000000000002a0       0x58 Drivers/STM32L4xx_HAL_Driver/stm32l4xx_hal_gpio.o
 .debug_aranges
                0x00000000000002f8      0x200 Drivers/STM32L4xx_HAL_Driver/stm32l4xx_hal_i2c.o
 .debug_aranges
                0x00000000000004f8       0x48 Drivers/STM32L4xx_HAL_Driver/stm32l4xx_hal_i2c_ex.o
 .debug_aranges
                0x0000000000000540      0x130 Drivers/STM32L4xx_HAL_Driver/stm32l4xx_hal_pwr_ex.o
 .debug_aranges
                0x0000000000000670       0x88 Drivers/STM32L4xx_HAL_Driver/stm32l4xx_hal_rcc.o
 .debug_aranges
                0x00000000000006f8       0xb8 Drivers/STM32L4xx_HAL_Driver/stm32l4xx_hal_rcc_ex.o

.debug_ranges   0x0000000000000000      0x9e0
 .debug_ranges  0x0000000000000000       0x20 Application/SW4STM32/startup_stm32l476xx.o
 .debug_ranges  0x0000000000000020       0x50 Application/User/gpio.o
 .debug_ranges  0x0000000000000070       0x20 Application/User/i2c.o
 .debug_ranges  0x0000000000000090       0x20 Application/User/main.o
 .debug_ranges  0x00000000000000b0       0x40 Application/User/stm32l4xx_hal_msp.o
 .debug_ranges  0x00000000000000f0       0x10 Application/User/stm32l4xx_it.o
 .debug_ranges  0x0000000000000100       0x18 Drivers/CMSIS/system_stm32l4xx.o
 .debug_ranges  0x0000000000000118       0xe8 Drivers/STM32L4xx_HAL_Driver/stm32l4xx_hal.o
 .debug_ranges  0x0000000000000200      0x148 Drivers/STM32L4xx_HAL_Driver/stm32l4xx_hal_cortex.o
 .debug_ranges  0x0000000000000348       0x68 Drivers/STM32L4xx_HAL_Driver/stm32l4xx_hal_gpio.o
 .debug_ranges  0x00000000000003b0      0x238 Drivers/STM32L4xx_HAL_Driver/stm32l4xx_hal_i2c.o
 .debug_ranges  0x00000000000005e8       0x68 Drivers/STM32L4xx_HAL_Driver/stm32l4xx_hal_i2c_ex.o
 .debug_ranges  0x0000000000000650      0x120 Drivers/STM32L4xx_HAL_Driver/stm32l4xx_hal_pwr_ex.o
 .debug_ranges  0x0000000000000770       0xc0 Drivers/STM32L4xx_HAL_Driver/stm32l4xx_hal_rcc.o
 .debug_ranges  0x0000000000000830      0x1b0 Drivers/STM32L4xx_HAL_Driver/stm32l4xx_hal_rcc_ex.o

.debug_macro    0x0000000000000000     0x3005
 .debug_macro   0x0000000000000000      0x310 Application/User/gpio.o
 .debug_macro   0x0000000000000310      0x31a Application/User/i2c.o
 .debug_macro   0x000000000000062a      0x32b Application/User/main.o
 .debug_macro   0x0000000000000955       0x35 Application/User/main.o
 .debug_macro   0x000000000000098a      0x328 Application/User/main.o
 .debug_macro   0x0000000000000cb2      0x306 Application/User/stm32l4xx_hal_msp.o
 .debug_macro   0x0000000000000fb8      0x310 Application/User/stm32l4xx_it.o
 .debug_macro   0x00000000000012c8      0x318 Drivers/CMSIS/system_stm32l4xx.o
 .debug_macro   0x00000000000015e0      0x354 Drivers/STM32L4xx_HAL_Driver/stm32l4xx_hal.o
 .debug_macro   0x0000000000001934      0x306 Drivers/STM32L4xx_HAL_Driver/stm32l4xx_hal_cortex.o
 .debug_macro   0x0000000000001c3a      0x345 Drivers/STM32L4xx_HAL_Driver/stm32l4xx_hal_gpio.o
 .debug_macro   0x0000000000001f7f      0x3d2 Drivers/STM32L4xx_HAL_Driver/stm32l4xx_hal_i2c.o
 .debug_macro   0x0000000000002351      0x306 Drivers/STM32L4xx_HAL_Driver/stm32l4xx_hal_i2c_ex.o
 .debug_macro   0x0000000000002657      0x32a Drivers/STM32L4xx_HAL_Driver/stm32l4xx_hal_pwr_ex.o
 .debug_macro   0x0000000000002981      0x348 Drivers/STM32L4xx_HAL_Driver/stm32l4xx_hal_rcc.o
 .debug_macro   0x0000000000002cc9      0x33c Drivers/STM32L4xx_HAL_Driver/stm32l4xx_hal_rcc_ex.o

.debug_str      0x0000000000000000    0xdee26
 .debug_str     0x0000000000000000    0xdb863 Application/User/gpio.o
                                      0xdbb2d (size before relaxing)
 .debug_str     0x00000000000db863      0x4e3 Application/User/i2c.o
                                      0xdc02e (size before relaxing)
 .debug_str     0x00000000000dbd46      0x97a Application/User/main.o
                                      0xdc82d (size before relaxing)
 .debug_str     0x00000000000dc6c0       0x7a Application/User/stm32l4xx_hal_msp.o
                                      0xdbf6e (size before relaxing)
 .debug_str     0x00000000000dc73a       0x91 Application/User/stm32l4xx_it.o
                                      0xdb92b (size before relaxing)
 .debug_str     0x00000000000dc7cb      0x138 Drivers/CMSIS/system_stm32l4xx.o
                                      0xdbb47 (size before relaxing)
 .debug_str     0x00000000000dc903      0x5fc Drivers/STM32L4xx_HAL_Driver/stm32l4xx_hal.o
                                      0xdc67a (size before relaxing)
 .debug_str     0x00000000000dceff      0x342 Drivers/STM32L4xx_HAL_Driver/stm32l4xx_hal_cortex.o
                                      0xdc31e (size before relaxing)
 .debug_str     0x00000000000dd241      0x292 Drivers/STM32L4xx_HAL_Driver/stm32l4xx_hal_gpio.o
                                      0xdbdd6 (size before relaxing)
 .debug_str     0x00000000000dd4d3      0xc8e Drivers/STM32L4xx_HAL_Driver/stm32l4xx_hal_i2c.o
                                      0xdca86 (size before relaxing)
 .debug_str     0x00000000000de161       0xee Drivers/STM32L4xx_HAL_Driver/stm32l4xx_hal_i2c_ex.o
                                      0xdc052 (size before relaxing)
 .debug_str     0x00000000000de24f      0x47c Drivers/STM32L4xx_HAL_Driver/stm32l4xx_hal_pwr_ex.o
                                      0xdbfee (size before relaxing)
 .debug_str     0x00000000000de6cb      0x378 Drivers/STM32L4xx_HAL_Driver/stm32l4xx_hal_rcc.o
                                      0xdc18d (size before relaxing)
 .debug_str     0x00000000000dea43      0x3e3 Drivers/STM32L4xx_HAL_Driver/stm32l4xx_hal_rcc_ex.o
                                      0xdc2e2 (size before relaxing)

.comment        0x0000000000000000       0x6e
 .comment       0x0000000000000000       0x6e Application/User/gpio.o
                                         0x6f (size before relaxing)
 .comment       0x000000000000006e       0x6f Application/User/i2c.o
 .comment       0x000000000000006e       0x6f Application/User/main.o
 .comment       0x000000000000006e       0x6f Application/User/stm32l4xx_hal_msp.o
 .comment       0x000000000000006e       0x6f Application/User/stm32l4xx_it.o
 .comment       0x000000000000006e       0x6f Drivers/CMSIS/system_stm32l4xx.o
 .comment       0x000000000000006e       0x6f Drivers/STM32L4xx_HAL_Driver/stm32l4xx_hal.o
 .comment       0x000000000000006e       0x6f Drivers/STM32L4xx_HAL_Driver/stm32l4xx_hal_cortex.o
 .comment       0x000000000000006e       0x6f Drivers/STM32L4xx_HAL_Driver/stm32l4xx_hal_gpio.o
 .comment       0x000000000000006e       0x6f Drivers/STM32L4xx_HAL_Driver/stm32l4xx_hal_i2c.o
 .comment       0x000000000000006e       0x6f Drivers/STM32L4xx_HAL_Driver/stm32l4xx_hal_i2c_ex.o
 .comment       0x000000000000006e       0x6f Drivers/STM32L4xx_HAL_Driver/stm32l4xx_hal_pwr_ex.o
 .comment       0x000000000000006e       0x6f Drivers/STM32L4xx_HAL_Driver/stm32l4xx_hal_rcc.o
 .comment       0x000000000000006e       0x6f Drivers/STM32L4xx_HAL_Driver/stm32l4xx_hal_rcc_ex.o

.debug_frame    0x0000000000000000     0x13f4
 .debug_frame   0x0000000000000000       0x30 Application/User/gpio.o
 .debug_frame   0x0000000000000030       0x58 Application/User/i2c.o
 .debug_frame   0x0000000000000088       0x64 Application/User/main.o
 .debug_frame   0x00000000000000ec       0x2c Application/User/stm32l4xx_hal_msp.o
 .debug_frame   0x0000000000000118       0x2c Application/User/stm32l4xx_it.o
 .debug_frame   0x0000000000000144       0x3c Drivers/CMSIS/system_stm32l4xx.o
 .debug_frame   0x0000000000000180      0x210 Drivers/STM32L4xx_HAL_Driver/stm32l4xx_hal.o
 .debug_frame   0x0000000000000390      0x130 Drivers/STM32L4xx_HAL_Driver/stm32l4xx_hal_cortex.o
 .debug_frame   0x00000000000004c0       0xd8 Drivers/STM32L4xx_HAL_Driver/stm32l4xx_hal_gpio.o
 .debug_frame   0x0000000000000598      0x7b0 Drivers/STM32L4xx_HAL_Driver/stm32l4xx_hal_i2c.o
 .debug_frame   0x0000000000000d48       0x90 Drivers/STM32L4xx_HAL_Driver/stm32l4xx_hal_i2c_ex.o
 .debug_frame   0x0000000000000dd8      0x278 Drivers/STM32L4xx_HAL_Driver/stm32l4xx_hal_pwr_ex.o
 .debug_frame   0x0000000000001050      0x150 Drivers/STM32L4xx_HAL_Driver/stm32l4xx_hal_rcc.o
 .debug_frame   0x00000000000011a0      0x228 Drivers/STM32L4xx_HAL_Driver/stm32l4xx_hal_rcc_ex.o
 .debug_frame   0x00000000000013c8       0x2c /Users/fabiomonteiro/dev/SystemWorkbench/SystemWorkbench.app/Contents/Eclipse/plugins/fr.ac6.mcu.externaltools.arm-none.macos64_1.13.0.201701121612/tools/compiler/bin/../lib/gcc/arm-none-eabi/5.4.1/../../../../arm-none-eabi/lib/armv7e-m/fpu/libc_nano.a(lib_a-init.o)

.debug_loc      0x0000000000000000     0x5d68
 .debug_loc     0x0000000000000000       0x4d Application/User/i2c.o
 .debug_loc     0x000000000000004d      0x177 Drivers/CMSIS/system_stm32l4xx.o
 .debug_loc     0x00000000000001c4       0xeb Drivers/STM32L4xx_HAL_Driver/stm32l4xx_hal.o
 .debug_loc     0x00000000000002af      0x4ab Drivers/STM32L4xx_HAL_Driver/stm32l4xx_hal_cortex.o
 .debug_loc     0x000000000000075a      0x2a2 Drivers/STM32L4xx_HAL_Driver/stm32l4xx_hal_gpio.o
 .debug_loc     0x00000000000009fc     0x33a8 Drivers/STM32L4xx_HAL_Driver/stm32l4xx_hal_i2c.o
 .debug_loc     0x0000000000003da4      0x1b8 Drivers/STM32L4xx_HAL_Driver/stm32l4xx_hal_i2c_ex.o
 .debug_loc     0x0000000000003f5c      0x5d4 Drivers/STM32L4xx_HAL_Driver/stm32l4xx_hal_pwr_ex.o
 .debug_loc     0x0000000000004530      0x685 Drivers/STM32L4xx_HAL_Driver/stm32l4xx_hal_rcc.o
 .debug_loc     0x0000000000004bb5     0x11b3 Drivers/STM32L4xx_HAL_Driver/stm32l4xx_hal_rcc_ex.o
